Archive member included to satisfy reference by file (symbol)

c:/st/stm32cubeide_1.6.0/stm32cubeide/plugins/com.st.stm32cube.ide.mcu.externaltools.gnu-tools-for-stm32.9-2020-q2-update.win32_2.0.0.202105311346/tools/bin/../lib/gcc/arm-none-eabi/9.3.1/../../../../arm-none-eabi/lib/thumb/v7e-m+dp/hard\libc_nano.a(lib_a-efgcvt.o)
                              ./Core/Src/main.o (gcvt)
c:/st/stm32cubeide_1.6.0/stm32cubeide/plugins/com.st.stm32cube.ide.mcu.externaltools.gnu-tools-for-stm32.9-2020-q2-update.win32_2.0.0.202105311346/tools/bin/../lib/gcc/arm-none-eabi/9.3.1/../../../../arm-none-eabi/lib/thumb/v7e-m+dp/hard\libc_nano.a(lib_a-errno.o)
                              ./Core/Src/syscalls.o (__errno)
c:/st/stm32cubeide_1.6.0/stm32cubeide/plugins/com.st.stm32cube.ide.mcu.externaltools.gnu-tools-for-stm32.9-2020-q2-update.win32_2.0.0.202105311346/tools/bin/../lib/gcc/arm-none-eabi/9.3.1/../../../../arm-none-eabi/lib/thumb/v7e-m+dp/hard\libc_nano.a(lib_a-exit.o)
                              c:/st/stm32cubeide_1.6.0/stm32cubeide/plugins/com.st.stm32cube.ide.mcu.externaltools.gnu-tools-for-stm32.9-2020-q2-update.win32_2.0.0.202105311346/tools/bin/../lib/gcc/arm-none-eabi/9.3.1/../../../../arm-none-eabi/lib/thumb/v7e-m+dp/hard/crt0.o (exit)
c:/st/stm32cubeide_1.6.0/stm32cubeide/plugins/com.st.stm32cube.ide.mcu.externaltools.gnu-tools-for-stm32.9-2020-q2-update.win32_2.0.0.202105311346/tools/bin/../lib/gcc/arm-none-eabi/9.3.1/../../../../arm-none-eabi/lib/thumb/v7e-m+dp/hard\libc_nano.a(lib_a-impure.o)
                              c:/st/stm32cubeide_1.6.0/stm32cubeide/plugins/com.st.stm32cube.ide.mcu.externaltools.gnu-tools-for-stm32.9-2020-q2-update.win32_2.0.0.202105311346/tools/bin/../lib/gcc/arm-none-eabi/9.3.1/../../../../arm-none-eabi/lib/thumb/v7e-m+dp/hard\libc_nano.a(lib_a-exit.o) (_global_impure_ptr)
c:/st/stm32cubeide_1.6.0/stm32cubeide/plugins/com.st.stm32cube.ide.mcu.externaltools.gnu-tools-for-stm32.9-2020-q2-update.win32_2.0.0.202105311346/tools/bin/../lib/gcc/arm-none-eabi/9.3.1/../../../../arm-none-eabi/lib/thumb/v7e-m+dp/hard\libc_nano.a(lib_a-init.o)
                              c:/st/stm32cubeide_1.6.0/stm32cubeide/plugins/com.st.stm32cube.ide.mcu.externaltools.gnu-tools-for-stm32.9-2020-q2-update.win32_2.0.0.202105311346/tools/bin/../lib/gcc/arm-none-eabi/9.3.1/../../../../arm-none-eabi/lib/thumb/v7e-m+dp/hard/crt0.o (__libc_init_array)
c:/st/stm32cubeide_1.6.0/stm32cubeide/plugins/com.st.stm32cube.ide.mcu.externaltools.gnu-tools-for-stm32.9-2020-q2-update.win32_2.0.0.202105311346/tools/bin/../lib/gcc/arm-none-eabi/9.3.1/../../../../arm-none-eabi/lib/thumb/v7e-m+dp/hard\libc_nano.a(lib_a-memset.o)
                              c:/st/stm32cubeide_1.6.0/stm32cubeide/plugins/com.st.stm32cube.ide.mcu.externaltools.gnu-tools-for-stm32.9-2020-q2-update.win32_2.0.0.202105311346/tools/bin/../lib/gcc/arm-none-eabi/9.3.1/../../../../arm-none-eabi/lib/thumb/v7e-m+dp/hard/crt0.o (memset)
c:/st/stm32cubeide_1.6.0/stm32cubeide/plugins/com.st.stm32cube.ide.mcu.externaltools.gnu-tools-for-stm32.9-2020-q2-update.win32_2.0.0.202105311346/tools/bin/../lib/gcc/arm-none-eabi/9.3.1/../../../../arm-none-eabi/lib/thumb/v7e-m+dp/hard\libc_nano.a(lib_a-ecvtbuf.o)
                              c:/st/stm32cubeide_1.6.0/stm32cubeide/plugins/com.st.stm32cube.ide.mcu.externaltools.gnu-tools-for-stm32.9-2020-q2-update.win32_2.0.0.202105311346/tools/bin/../lib/gcc/arm-none-eabi/9.3.1/../../../../arm-none-eabi/lib/thumb/v7e-m+dp/hard\libc_nano.a(lib_a-efgcvt.o) (fcvtbuf)
c:/st/stm32cubeide_1.6.0/stm32cubeide/plugins/com.st.stm32cube.ide.mcu.externaltools.gnu-tools-for-stm32.9-2020-q2-update.win32_2.0.0.202105311346/tools/bin/../lib/gcc/arm-none-eabi/9.3.1/../../../../arm-none-eabi/lib/thumb/v7e-m+dp/hard\libc_nano.a(lib_a-mprec.o)
                              c:/st/stm32cubeide_1.6.0/stm32cubeide/plugins/com.st.stm32cube.ide.mcu.externaltools.gnu-tools-for-stm32.9-2020-q2-update.win32_2.0.0.202105311346/tools/bin/../lib/gcc/arm-none-eabi/9.3.1/../../../../arm-none-eabi/lib/thumb/v7e-m+dp/hard\libc_nano.a(lib_a-ecvtbuf.o) (_mprec_log10)
c:/st/stm32cubeide_1.6.0/stm32cubeide/plugins/com.st.stm32cube.ide.mcu.externaltools.gnu-tools-for-stm32.9-2020-q2-update.win32_2.0.0.202105311346/tools/bin/../lib/gcc/arm-none-eabi/9.3.1/../../../../arm-none-eabi/lib/thumb/v7e-m+dp/hard\libc_nano.a(lib_a-nano-callocr.o)
                              c:/st/stm32cubeide_1.6.0/stm32cubeide/plugins/com.st.stm32cube.ide.mcu.externaltools.gnu-tools-for-stm32.9-2020-q2-update.win32_2.0.0.202105311346/tools/bin/../lib/gcc/arm-none-eabi/9.3.1/../../../../arm-none-eabi/lib/thumb/v7e-m+dp/hard\libc_nano.a(lib_a-mprec.o) (_calloc_r)
c:/st/stm32cubeide_1.6.0/stm32cubeide/plugins/com.st.stm32cube.ide.mcu.externaltools.gnu-tools-for-stm32.9-2020-q2-update.win32_2.0.0.202105311346/tools/bin/../lib/gcc/arm-none-eabi/9.3.1/../../../../arm-none-eabi/lib/thumb/v7e-m+dp/hard\libc_nano.a(lib_a-nano-mallocr.o)
[...]
Memory Configuration

Name             Origin             Length             Attributes
RAM              0x0000000024000000 0x0000000000040000 xrw
FLASH            0x0000000008000000 0x0000000000100000 xr
DTCMRAM          0x0000000020000000 0x0000000000020000 xrw
RAM_D2           0x0000000030000000 0x0000000000048000 xrw
RAM_D3           0x0000000038000000 0x0000000000010000 xrw
ITCMRAM          0x0000000000000000 0x0000000000010000 xrw
*default*        0x0000000000000000 0xffffffffffffffff

Linker script and memory map

LOAD c:/st/stm32cubeide_1.6.0/stm32cubeide/plugins/com.st.stm32cube.ide.mcu.externaltools.gnu-tools-for-stm32.9-2020-q2-update.win32_2.0.0.202105311346/tools/bin/../lib/gcc/arm-none-eabi/9.3.1/thumb/v7e-m+dp/hard/crti.o
LOAD c:/st/stm32cubeide_1.6.0/stm32cubeide/plugins/com.st.stm32cube.ide.mcu.externaltools.gnu-tools-for-stm32.9-2020-q2-update.win32_2.0.0.202105311346/tools/bin/../lib/gcc/arm-none-eabi/9.3.1/thumb/v7e-m+dp/hard/crtbegin.o
LOAD c:/st/stm32cubeide_1.6.0/stm32cubeide/plugins/com.st.stm32cube.ide.mcu.externaltools.gnu-tools-for-stm32.9-2020-q2-update.win32_2.0.0.202105311346/tools/bin/../lib/gcc/arm-none-eabi/9.3.1/../../../../arm-none-eabi/lib/thumb/v7e-m+dp/hard/crt0.o
LOAD ./Common/Src/system_stm32h7xx_dualcore_boot_cm4_cm7.o
LOAD ./Core/Src/main.o
LOAD ./Core/Src/stm32h7xx_hal_msp.o
LOAD ./Core/Src/stm32h7xx_it.o
LOAD ./Core/Src/syscalls.o
LOAD ./Core/Src/sysmem.o
LOAD ./Core/Startup/startup_stm32h747xihx.o
LOAD ./Drivers/STM32H7xx_HAL_Driver/stm32h7xx_hal.o
LOAD ./Drivers/STM32H7xx_HAL_Driver/stm32h7xx_hal_cortex.o
LOAD ./Drivers/STM32H7xx_HAL_Driver/stm32h7xx_hal_dma.o
LOAD ./Drivers/STM32H7xx_HAL_Driver/stm32h7xx_hal_dma_ex.o
LOAD ./Drivers/STM32H7xx_HAL_Driver/stm32h7xx_hal_exti.o
LOAD ./Drivers/STM32H7xx_HAL_Driver/stm32h7xx_hal_flash.o
LOAD ./Drivers/STM32H7xx_HAL_Driver/stm32h7xx_hal_flash_ex.o
LOAD ./Drivers/STM32H7xx_HAL_Driver/stm32h7xx_hal_gpio.o
LOAD ./Drivers/STM32H7xx_HAL_Driver/stm32h7xx_hal_hsem.o
LOAD ./Drivers/STM32H7xx_HAL_Driver/stm32h7xx_hal_i2c.o
LOAD ./Drivers/STM32H7xx_HAL_Driver/stm32h7xx_hal_i2c_ex.o
LOAD ./Drivers/STM32H7xx_HAL_Driver/stm32h7xx_hal_mdma.o
LOAD ./Drivers/STM32H7xx_HAL_Driver/stm32h7xx_hal_pwr.o
LOAD ./Drivers/STM32H7xx_HAL_Driver/stm32h7xx_hal_pwr_ex.o
LOAD ./Drivers/STM32H7xx_HAL_Driver/stm32h7xx_hal_rcc.o
LOAD ./Drivers/STM32H7xx_HAL_Driver/stm32h7xx_hal_rcc_ex.o
LOAD ./Drivers/STM32H7xx_HAL_Driver/stm32h7xx_hal_sd.o
LOAD ./Drivers/STM32H7xx_HAL_Driver/stm32h7xx_hal_sd_ex.o
LOAD ./Drivers/STM32H7xx_HAL_Driver/stm32h7xx_hal_tim.o
LOAD ./Drivers/STM32H7xx_HAL_Driver/stm32h7xx_hal_tim_ex.o
LOAD ./Drivers/STM32H7xx_HAL_Driver/stm32h7xx_ll_delayblock.o
LOAD ./Drivers/STM32H7xx_HAL_Driver/stm32h7xx_ll_sdmmc.o
LOAD ./FATFS/App/fatfs.o
LOAD ./FATFS/Target/bsp_driver_sd.o
LOAD ./FATFS/Target/fatfs_platform.o
LOAD ./FATFS/Target/sd_diskio.o
LOAD ./Middlewares/Third_Party/FatFs/diskio.o
LOAD ./Middlewares/Third_Party/FatFs/ff.o
LOAD ./Middlewares/Third_Party/FatFs/ff_gen_drv.o
LOAD ./Middlewares/Third_Party/FatFs/syscall.o
START GROUP
LOAD c:/st/stm32cubeide_1.6.0/stm32cubeide/plugins/com.st.stm32cube.ide.mcu.externaltools.gnu-tools-for-stm32.9-2020-q2-update.win32_2.0.0.202105311346/tools/bin/../lib/gcc/arm-none-eabi/9.3.1/../../../../arm-none-eabi/lib/thumb/v7e-m+dp/hard\libc_nano.a
LOAD c:/st/stm32cubeide_1.6.0/stm32cubeide/plugins/com.st.stm32cube.ide.mcu.externaltools.gnu-tools-for-stm32.9-2020-q2-update.win32_2.0.0.202105311346/tools/bin/../lib/gcc/arm-none-eabi/9.3.1/../../../../arm-none-eabi/lib/thumb/v7e-m+dp/hard\libm.a
END GROUP
START GROUP
LOAD c:/st/stm32cubeide_1.6.0/stm32cubeide/plugins/com.st.stm32cube.ide.mcu.externaltools.gnu-tools-for-stm32.9-2020-q2-update.win32_2.0.0.202105311346/tools/bin/../lib/gcc/arm-none-eabi/9.3.1/thumb/v7e-m+dp/hard\libgcc.a
LOAD c:/st/stm32cubeide_1.6.0/stm32cubeide/plugins/com.st.stm32cube.ide.mcu.externaltools.gnu-tools-for-stm32.9-2020-q2-update.win32_2.0.0.202105311346/tools/bin/../lib/gcc/arm-none-eabi/9.3.1/../../../../arm-none-eabi/lib/thumb/v7e-m+dp/hard\libc_nano.a
END GROUP
START GROUP
LOAD c:/st/stm32cubeide_1.6.0/stm32cubeide/plugins/com.st.stm32cube.ide.mcu.externaltools.gnu-tools-for-stm32.9-2020-q2-update.win32_2.0.0.202105311346/tools/bin/../lib/gcc/arm-none-eabi/9.3.1/thumb/v7e-m+dp/hard\libgcc.a
LOAD c:/st/stm32cubeide_1.6.0/stm32cubeide/plugins/com.st.stm32cube.ide.mcu.externaltools.gnu-tools-for-stm32.9-2020-q2-update.win32_2.0.0.202105311346/tools/bin/../lib/gcc/arm-none-eabi/9.3.1/../../../../arm-none-eabi/lib/thumb/v7e-m+dp/hard\libc_nano.a
LOAD c:/st/stm32cubeide_1.6.0/stm32cubeide/plugins/com.st.stm32cube.ide.mcu.externaltools.gnu-tools-for-stm32.9-2020-q2-update.win32_2.0.0.202105311346/tools/bin/../lib/gcc/arm-none-eabi/9.3.1/../../../../arm-none-eabi/lib/thumb/v7e-m+dp/hard\libnosys.a
END GROUP
START GROUP
LOAD c:/st/stm32cubeide_1.6.0/stm32cubeide/plugins/com.st.stm32cube.ide.mcu.externaltools.gnu-tools-for-stm32.9-2020-q2-update.win32_2.0.0.202105311346/tools/bin/../lib/gcc/arm-none-eabi/9.3.1/thumb/v7e-m+dp/hard\libgcc.a
LOAD c:/st/stm32cubeide_1.6.0/stm32cubeide/plugins/com.st.stm32cube.ide.mcu.externaltools.gnu-tools-for-stm32.9-2020-q2-update.win32_2.0.0.202105311346/tools/bin/../lib/gcc/arm-none-eabi/9.3.1/../../../../arm-none-eabi/lib/thumb/v7e-m+dp/hard\libc_nano.a
LOAD c:/st/stm32cubeide_1.6.0/stm32cubeide/plugins/com.st.stm32cube.ide.mcu.externaltools.gnu-tools-for-stm32.9-2020-q2-update.win32_2.0.0.202105311346/tools/bin/../lib/gcc/arm-none-eabi/9.3.1/../../../../arm-none-eabi/lib/thumb/v7e-m+dp/hard\libnosys.a
END GROUP
LOAD c:/st/stm32cubeide_1.6.0/stm32cubeide/plugins/com.st.stm32cube.ide.mcu.externaltools.gnu-tools-for-stm32.9-2020-q2-update.win32_2.0.0.202105311346/tools/bin/../lib/gcc/arm-none-eabi/9.3.1/thumb/v7e-m+dp/hard/crtend.o
LOAD c:/st/stm32cubeide_1.6.0/stm32cubeide/plugins/com.st.stm32cube.ide.mcu.externaltools.gnu-tools-for-stm32.9-2020-q2-update.win32_2.0.0.202105311346/tools/bin/../lib/gcc/arm-none-eabi/9.3.1/thumb/v7e-m+dp/hard/crtn.o
                0x0000000024040000                _estack = (ORIGIN (RAM) + LENGTH (RAM))
                0x0000000000000400                _Min_Heap_Size = 0x400
                0x0000000000000800                _Min_Stack_Size = 0x800

.isr_vector     0x0000000008000000      0x298
                0x0000000008000000                . = ALIGN (0x4)
 *(.isr_vector)
 .isr_vector    0x0000000008000000      0x298 ./Core/Startup/startup_stm32h747xihx.o
                0x0000000008000000                g_pfnVectors
                0x0000000008000298                . = ALIGN (0x4)

.text           0x00000000080002a0     0xcfe4
                0x00000000080002a0                . = ALIGN (0x4)
 *(.text)
 .text          0x00000000080002a0       0x40 c:/st/stm32cubeide_1.6.0/stm32cubeide/plugins/com.st.stm32cube.ide.mcu.externaltools.gnu-tools-for-stm32.9-2020-q2-update.win32_2.0.0.202105311346/tools/bin/../lib/gcc/arm-none-eabi/9.3.1/thumb/v7e-m+dp/hard/crtbegin.o
 .text          0x00000000080002e0       0xa0 c:/st/stm32cubeide_1.6.0/stm32cubeide/plugins/com.st.stm32cube.ide.mcu.externaltools.gnu-tools-for-stm32.9-2020-q2-update.win32_2.0.0.202105311346/tools/bin/../lib/gcc/arm-none-eabi/9.3.1/../../../../arm-none-eabi/lib/thumb/v7e-m+dp/hard\libc_nano.a(lib_a-memchr.o)
                0x00000000080002e0                memchr
 *(.text*)
 .text.SystemInit
                0x0000000008000380      0x134 ./Common/Src/system_stm32h7xx_dualcore_boot_cm4_cm7.o
                0x0000000008000380                SystemInit
 .text.GY_init  0x00000000080004b4       0x44 ./Core/Src/main.o
                0x00000000080004b4                GY_init
 .text.main     0x00000000080004f8      0x4fc ./Core/Src/main.o
                0x00000000080004f8                main
 .text.SystemClock_Config
                0x00000000080009f4       0xf0 ./Core/Src/main.o
                0x00000000080009f4                SystemClock_Config
 .text.MX_I2C4_Init
                0x0000000008000ae4       0x80 ./Core/Src/main.o
 .text.MX_SDMMC1_SD_Init
                0x0000000008000b64       0x48 ./Core/Src/main.o
 .text.MX_GPIO_Init
                0x0000000008000bac       0xe4 ./Core/Src/main.o
 .text.Error_Handler
                0x0000000008000c90        0xa ./Core/Src/main.o
                0x0000000008000c90                Error_Handler
 *fill*         0x0000000008000c9a        0x2 
 .text.HAL_MspInit
                0x0000000008000c9c       0x34 ./Core/Src/stm32h7xx_hal_msp.o
                0x0000000008000c9c                HAL_MspInit
 .text.HAL_I2C_MspInit
                0x0000000008000cd0       0xcc ./Core/Src/stm32h7xx_hal_msp.o
                0x0000000008000cd0                HAL_I2C_MspInit
 .text.HAL_SD_MspInit
                0x0000000008000d9c      0x148 ./Core/Src/stm32h7xx_hal_msp.o
                0x0000000008000d9c                HAL_SD_MspInit
 .text.NMI_Handler
                0x0000000008000ee4        0x6 ./Core/Src/stm32h7xx_it.o
                0x0000000008000ee4                NMI_Handler
 .text.HardFault_Handler
                0x0000000008000eea        0x6 ./Core/Src/stm32h7xx_it.o
                0x0000000008000eea                HardFault_Handler
 .text.MemManage_Handler
                0x0000000008000ef0        0x6 ./Core/Src/stm32h7xx_it.o
                0x0000000008000ef0                MemManage_Handler
 .text.BusFault_Handler
                0x0000000008000ef6        0x6 ./Core/Src/stm32h7xx_it.o
                0x0000000008000ef6                BusFault_Handler
 .text.UsageFault_Handler
                0x0000000008000efc        0x6 ./Core/Src/stm32h7xx_it.o
                0x0000000008000efc                UsageFault_Handler
 .text.SVC_Handler
                0x0000000008000f02        0xe ./Core/Src/stm32h7xx_it.o
                0x0000000008000f02                SVC_Handler
 .text.DebugMon_Handler
                0x0000000008000f10        0xe ./Core/Src/stm32h7xx_it.o
                0x0000000008000f10                DebugMon_Handler
 .text.PendSV_Handler
                0x0000000008000f1e        0xe ./Core/Src/stm32h7xx_it.o
                0x0000000008000f1e                PendSV_Handler
 .text.SysTick_Handler
                0x0000000008000f2c        0xc ./Core/Src/stm32h7xx_it.o
                0x0000000008000f2c                SysTick_Handler
 .text.SDMMC1_IRQHandler
                0x0000000008000f38       0x14 ./Core/Src/stm32h7xx_it.o
                0x0000000008000f38                SDMMC1_IRQHandler
 .text._getpid  0x0000000008000f4c       0x10 ./Core/Src/syscalls.o
                0x0000000008000f4c                _getpid
 .text._kill    0x0000000008000f5c       0x20 ./Core/Src/syscalls.o
                0x0000000008000f5c                _kill
 .text._exit    0x0000000008000f7c       0x14 ./Core/Src/syscalls.o
                0x0000000008000f7c                _exit
 .text._read    0x0000000008000f90       0x3a ./Core/Src/syscalls.o
                0x0000000008000f90                _read
 .text._write   0x0000000008000fca       0x38 ./Core/Src/syscalls.o
                0x0000000008000fca                _write
 .text._close   0x0000000008001002       0x18 ./Core/Src/syscalls.o
                0x0000000008001002                _close
 .text._fstat   0x000000000800101a       0x20 ./Core/Src/syscalls.o
                0x000000000800101a                _fstat
 .text._isatty  0x000000000800103a       0x16 ./Core/Src/syscalls.o
                0x000000000800103a                _isatty
 .text._lseek   0x0000000008001050       0x1a ./Core/Src/syscalls.o
                0x0000000008001050                _lseek
 *fill*         0x000000000800106a        0x2 
 .text._sbrk    0x000000000800106c       0x6c ./Core/Src/sysmem.o
                0x000000000800106c                _sbrk
 .text.Reset_Handler
                0x00000000080010d8       0x50 ./Core/Startup/startup_stm32h747xihx.o
                0x00000000080010d8                Reset_Handler
 .text.Default_Handler
                0x0000000008001128        0x2 ./Core/Startup/startup_stm32h747xihx.o
                0x0000000008001128                RTC_Alarm_IRQHandler
                0x0000000008001128                EXTI2_IRQHandler
                0x0000000008001128                TIM8_CC_IRQHandler
                0x0000000008001128                HRTIM1_Master_IRQHandler
                0x0000000008001128                UART8_IRQHandler
                0x0000000008001128                SPI4_IRQHandler
                0x0000000008001128                TIM1_CC_IRQHandler
                0x0000000008001128                BDMA_Channel6_IRQHandler
                0x0000000008001128                DMA2_Stream5_IRQHandler
                0x0000000008001128                HRTIM1_FLT_IRQHandler
                0x0000000008001128                JPEG_IRQHandler
                0x0000000008001128                DMA1_Stream5_IRQHandler
                0x0000000008001128                BDMA_Channel1_IRQHandler
                0x0000000008001128                HRTIM1_TIMD_IRQHandler
                0x0000000008001128                TAMP_STAMP_IRQHandler
                0x0000000008001128                EXTI3_IRQHandler
                0x0000000008001128                LPTIM4_IRQHandler
                0x0000000008001128                TIM8_TRG_COM_TIM14_IRQHandler
                0x0000000008001128                LPTIM2_IRQHandler
                0x0000000008001128                DFSDM1_FLT1_IRQHandler
                0x0000000008001128                DMAMUX2_OVR_IRQHandler
                0x0000000008001128                TIM8_UP_TIM13_IRQHandler
                0x0000000008001128                I2C3_ER_IRQHandler
                0x0000000008001128                DFSDM1_FLT2_IRQHandler
                0x0000000008001128                MDMA_IRQHandler
                0x0000000008001128                LPTIM3_IRQHandler
                0x0000000008001128                HSEM1_IRQHandler
                0x0000000008001128                EXTI0_IRQHandler
                0x0000000008001128                I2C2_EV_IRQHandler
                0x0000000008001128                DMA1_Stream2_IRQHandler
                0x0000000008001128                FPU_IRQHandler
                0x0000000008001128                OTG_HS_WKUP_IRQHandler
                0x0000000008001128                FDCAN1_IT1_IRQHandler
                0x0000000008001128                LTDC_ER_IRQHandler
                0x0000000008001128                DMA2_Stream2_IRQHandler
                0x0000000008001128                HRTIM1_TIME_IRQHandler
                0x0000000008001128                SPI1_IRQHandler
                0x0000000008001128                TIM6_DAC_IRQHandler
                0x0000000008001128                DCMI_IRQHandler
                0x0000000008001128                HRTIM1_TIMC_IRQHandler
                0x0000000008001128                DMA2_Stream3_IRQHandler
                0x0000000008001128                SAI2_IRQHandler
                0x0000000008001128                DFSDM1_FLT3_IRQHandler
                0x0000000008001128                USART6_IRQHandler
                0x0000000008001128                TIM17_IRQHandler
                0x0000000008001128                USART3_IRQHandler
                0x0000000008001128                BDMA_Channel7_IRQHandler
                0x0000000008001128                LPTIM5_IRQHandler
                0x0000000008001128                UART5_IRQHandler
                0x0000000008001128                ADC3_IRQHandler
                0x0000000008001128                DMA2_Stream0_IRQHandler
                0x0000000008001128                TIM4_IRQHandler
                0x0000000008001128                BDMA_Channel2_IRQHandler
                0x0000000008001128                QUADSPI_IRQHandler
                0x0000000008001128                I2C1_EV_IRQHandler
                0x0000000008001128                DMA1_Stream6_IRQHandler
                0x0000000008001128                DMAMUX1_OVR_IRQHandler
                0x0000000008001128                DMA1_Stream1_IRQHandler
                0x0000000008001128                TIM16_IRQHandler
                0x0000000008001128                UART4_IRQHandler
                0x0000000008001128                BDMA_Channel5_IRQHandler
                0x0000000008001128                TIM3_IRQHandler
                0x0000000008001128                RCC_IRQHandler
                0x0000000008001128                TIM8_BRK_TIM12_IRQHandler
                0x0000000008001128                TIM1_TRG_COM_IRQHandler
                0x0000000008001128                Default_Handler
                0x0000000008001128                ECC_IRQHandler
                0x0000000008001128                CEC_IRQHandler
                0x0000000008001128                EXTI15_10_IRQHandler
                0x0000000008001128                BDMA_Channel0_IRQHandler
                0x0000000008001128                ADC_IRQHandler
                0x0000000008001128                DMA1_Stream7_IRQHandler
                0x0000000008001128                HRTIM1_TIMA_IRQHandler
                0x0000000008001128                SPI5_IRQHandler
                0x0000000008001128                TIM7_IRQHandler
                0x0000000008001128                TIM5_IRQHandler
                0x0000000008001128                DMA2_Stream7_IRQHandler
                0x0000000008001128                TIM15_IRQHandler
                0x0000000008001128                PVD_AVD_IRQHandler
                0x0000000008001128                I2C3_EV_IRQHandler
                0x0000000008001128                EXTI9_5_IRQHandler
                0x0000000008001128                RTC_WKUP_IRQHandler
                0x0000000008001128                LTDC_IRQHandler
                0x0000000008001128                SAI3_IRQHandler
                0x0000000008001128                ETH_WKUP_IRQHandler
                0x0000000008001128                SPDIF_RX_IRQHandler
                0x0000000008001128                SPI2_IRQHandler
                0x0000000008001128                OTG_HS_EP1_IN_IRQHandler
                0x0000000008001128                DMA1_Stream0_IRQHandler
                0x0000000008001128                CRS_IRQHandler
                0x0000000008001128                CM7_SEV_IRQHandler
                0x0000000008001128                EXTI4_IRQHandler
                0x0000000008001128                RNG_IRQHandler
                0x0000000008001128                CM4_SEV_IRQHandler
                0x0000000008001128                HRTIM1_TIMB_IRQHandler
                0x0000000008001128                FDCAN2_IT1_IRQHandler
                0x0000000008001128                DSI_IRQHandler
                0x0000000008001128                ETH_IRQHandler
                0x0000000008001128                TIM1_UP_IRQHandler
                0x0000000008001128                WWDG_RST_IRQHandler
                0x0000000008001128                BDMA_Channel4_IRQHandler
                0x0000000008001128                OTG_HS_EP1_OUT_IRQHandler
                0x0000000008001128                WWDG_IRQHandler
                0x0000000008001128                SPI6_IRQHandler
                0x0000000008001128                MDIOS_IRQHandler
                0x0000000008001128                I2C4_EV_IRQHandler
                0x0000000008001128                FDCAN2_IT0_IRQHandler
                0x0000000008001128                LPUART1_IRQHandler
                0x0000000008001128                FDCAN1_IT0_IRQHandler
                0x0000000008001128                TIM2_IRQHandler
                0x0000000008001128                OTG_FS_WKUP_IRQHandler
                0x0000000008001128                OTG_HS_IRQHandler
                0x0000000008001128                HSEM2_IRQHandler
                0x0000000008001128                DMA2D_IRQHandler
                0x0000000008001128                TIM1_BRK_IRQHandler
                0x0000000008001128                EXTI1_IRQHandler
                0x0000000008001128                SDMMC2_IRQHandler
                0x0000000008001128                OTG_FS_EP1_OUT_IRQHandler
                0x0000000008001128                BDMA_Channel3_IRQHandler
                0x0000000008001128                HOLD_CORE_IRQHandler
                0x0000000008001128                UART7_IRQHandler
                0x0000000008001128                MDIOS_WKUP_IRQHandler
                0x0000000008001128                USART2_IRQHandler
                0x0000000008001128                DFSDM1_FLT0_IRQHandler
                0x0000000008001128                SAI4_IRQHandler
                0x0000000008001128                I2C2_ER_IRQHandler
                0x0000000008001128                DMA2_Stream1_IRQHandler
                0x0000000008001128                FLASH_IRQHandler
                0x0000000008001128                DMA2_Stream4_IRQHandler
                0x0000000008001128                USART1_IRQHandler
                0x0000000008001128                OTG_FS_IRQHandler
                0x0000000008001128                SPI3_IRQHandler
                0x0000000008001128                WAKEUP_PIN_IRQHandler
                0x0000000008001128                DMA1_Stream4_IRQHandler
                0x0000000008001128                OTG_FS_EP1_IN_IRQHandler
                0x0000000008001128                I2C1_ER_IRQHandler
                0x0000000008001128                FMC_IRQHandler
                0x0000000008001128                FDCAN_CAL_IRQHandler
                0x0000000008001128                SWPMI1_IRQHandler
                0x0000000008001128                COMP1_IRQHandler
                0x0000000008001128                LPTIM1_IRQHandler
                0x0000000008001128                I2C4_ER_IRQHandler
                0x0000000008001128                DMA2_Stream6_IRQHandler
                0x0000000008001128                SAI1_IRQHandler
                0x0000000008001128                DMA1_Stream3_IRQHandler
 *fill*         0x000000000800112a        0x2 
 .text.HAL_Init
                0x000000000800112c       0x78 ./Drivers/STM32H7xx_HAL_Driver/stm32h7xx_hal.o
                0x000000000800112c                HAL_Init
 .text.HAL_InitTick
                0x00000000080011a4       0x6c ./Drivers/STM32H7xx_HAL_Driver/stm32h7xx_hal.o
                0x00000000080011a4                HAL_InitTick
 .text.HAL_IncTick
                0x0000000008001210       0x28 ./Drivers/STM32H7xx_HAL_Driver/stm32h7xx_hal.o
                0x0000000008001210                HAL_IncTick
 .text.HAL_GetTick
                0x0000000008001238       0x18 ./Drivers/STM32H7xx_HAL_Driver/stm32h7xx_hal.o
                0x0000000008001238                HAL_GetTick
 .text.HAL_Delay
                0x0000000008001250       0x48 ./Drivers/STM32H7xx_HAL_Driver/stm32h7xx_hal.o
                0x0000000008001250                HAL_Delay
 .text.HAL_GetREVID
                0x0000000008001298       0x18 ./Drivers/STM32H7xx_HAL_Driver/stm32h7xx_hal.o
                0x0000000008001298                HAL_GetREVID
 .text.__NVIC_SetPriorityGrouping
                0x00000000080012b0       0x48 ./Drivers/STM32H7xx_HAL_Driver/stm32h7xx_hal_cortex.o
 .text.__NVIC_GetPriorityGrouping
                0x00000000080012f8       0x1c ./Drivers/STM32H7xx_HAL_Driver/stm32h7xx_hal_cortex.o
 .text.__NVIC_EnableIRQ
                0x0000000008001314       0x3c ./Drivers/STM32H7xx_HAL_Driver/stm32h7xx_hal_cortex.o
 .text.__NVIC_SetPriority
                0x0000000008001350       0x54 ./Drivers/STM32H7xx_HAL_Driver/stm32h7xx_hal_cortex.o
 .text.NVIC_EncodePriority
                0x00000000080013a4       0x66 ./Drivers/STM32H7xx_HAL_Driver/stm32h7xx_hal_cortex.o
 *fill*         0x000000000800140a        0x2 
 .text.SysTick_Config
                0x000000000800140c       0x44 ./Drivers/STM32H7xx_HAL_Driver/stm32h7xx_hal_cortex.o
 .text.HAL_NVIC_SetPriorityGrouping
                0x0000000008001450       0x16 ./Drivers/STM32H7xx_HAL_Driver/stm32h7xx_hal_cortex.o
                0x0000000008001450                HAL_NVIC_SetPriorityGrouping
 .text.HAL_NVIC_SetPriority
                0x0000000008001466       0x34 ./Drivers/STM32H7xx_HAL_Driver/stm32h7xx_hal_cortex.o
                0x0000000008001466                HAL_NVIC_SetPriority
 .text.HAL_NVIC_EnableIRQ
                0x000000000800149a       0x1c ./Drivers/STM32H7xx_HAL_Driver/stm32h7xx_hal_cortex.o
                0x000000000800149a                HAL_NVIC_EnableIRQ
 .text.HAL_SYSTICK_Config
                0x00000000080014b6       0x18 ./Drivers/STM32H7xx_HAL_Driver/stm32h7xx_hal_cortex.o
                0x00000000080014b6                HAL_SYSTICK_Config
 *fill*         0x00000000080014ce        0x2 
 .text.HAL_GPIO_Init
                0x00000000080014d0      0x360 ./Drivers/STM32H7xx_HAL_Driver/stm32h7xx_hal_gpio.o
                0x00000000080014d0                HAL_GPIO_Init
 .text.HAL_GPIO_ReadPin
                0x0000000008001830       0x30 ./Drivers/STM32H7xx_HAL_Driver/stm32h7xx_hal_gpio.o
                0x0000000008001830                HAL_GPIO_ReadPin
 .text.HAL_GPIO_WritePin
                0x0000000008001860       0x32 ./Drivers/STM32H7xx_HAL_Driver/stm32h7xx_hal_gpio.o
                0x0000000008001860                HAL_GPIO_WritePin
 *fill*         0x0000000008001892        0x2 
 .text.HAL_HSEM_FastTake
                0x0000000008001894       0x34 ./Drivers/STM32H7xx_HAL_Driver/stm32h7xx_hal_hsem.o
                0x0000000008001894                HAL_HSEM_FastTake
 .text.HAL_HSEM_Release
                0x00000000080018c8       0x28 ./Drivers/STM32H7xx_HAL_Driver/stm32h7xx_hal_hsem.o
                0x00000000080018c8                HAL_HSEM_Release
 .text.HAL_I2C_Init
                0x00000000080018f0      0x120 ./Drivers/STM32H7xx_HAL_Driver/stm32h7xx_hal_i2c.o
                0x00000000080018f0                HAL_I2C_Init
 .text.HAL_I2C_Master_Transmit
                0x0000000008001a10      0x1e8 ./Drivers/STM32H7xx_HAL_Driver/stm32h7xx_hal_i2c.o
                0x0000000008001a10                HAL_I2C_Master_Transmit
 .text.HAL_I2C_Master_Receive
                0x0000000008001bf8      0x1ec ./Drivers/STM32H7xx_HAL_Driver/stm32h7xx_hal_i2c.o
                0x0000000008001bf8                HAL_I2C_Master_Receive
 .text.HAL_I2C_IsDeviceReady
                0x0000000008001de4      0x210 ./Drivers/STM32H7xx_HAL_Driver/stm32h7xx_hal_i2c.o
                0x0000000008001de4                HAL_I2C_IsDeviceReady
 .text.I2C_Flush_TXDR
                0x0000000008001ff4       0x48 ./Drivers/STM32H7xx_HAL_Driver/stm32h7xx_hal_i2c.o
 .text.I2C_WaitOnFlagUntilTimeout
                0x000000000800203c       0x80 ./Drivers/STM32H7xx_HAL_Driver/stm32h7xx_hal_i2c.o
 .text.I2C_WaitOnTXISFlagUntilTimeout
                0x00000000080020bc       0x80 ./Drivers/STM32H7xx_HAL_Driver/stm32h7xx_hal_i2c.o
 .text.I2C_WaitOnSTOPFlagUntilTimeout
                0x000000000800213c       0x78 ./Drivers/STM32H7xx_HAL_Driver/stm32h7xx_hal_i2c.o
 .text.I2C_WaitOnRXNEFlagUntilTimeout
                0x00000000080021b4       0xd8 ./Drivers/STM32H7xx_HAL_Driver/stm32h7xx_hal_i2c.o
 .text.I2C_IsAcknowledgeFailed
                0x000000000800228c       0xcc ./Drivers/STM32H7xx_HAL_Driver/stm32h7xx_hal_i2c.o
 .text.I2C_TransferConfig
                0x0000000008002358       0x5c ./Drivers/STM32H7xx_HAL_Driver/stm32h7xx_hal_i2c.o
 .text.HAL_I2CEx_ConfigAnalogFilter
                0x00000000080023b4       0x96 ./Drivers/STM32H7xx_HAL_Driver/stm32h7xx_hal_i2c_ex.o
                0x00000000080023b4                HAL_I2CEx_ConfigAnalogFilter
 .text.HAL_I2CEx_ConfigDigitalFilter
                0x000000000800244a       0x98 ./Drivers/STM32H7xx_HAL_Driver/stm32h7xx_hal_i2c_ex.o
                0x000000000800244a                HAL_I2CEx_ConfigDigitalFilter
 *fill*         0x00000000080024e2        0x2 
 .text.HAL_PWREx_ConfigSupply
                0x00000000080024e4       0xb4 ./Drivers/STM32H7xx_HAL_Driver/stm32h7xx_hal_pwr_ex.o
                0x00000000080024e4                HAL_PWREx_ConfigSupply
 .text.HAL_RCC_OscConfig
                0x0000000008002598      0x820 ./Drivers/STM32H7xx_HAL_Driver/stm32h7xx_hal_rcc.o
                0x0000000008002598                HAL_RCC_OscConfig
 .text.HAL_RCC_ClockConfig
                0x0000000008002db8      0x36c ./Drivers/STM32H7xx_HAL_Driver/stm32h7xx_hal_rcc.o
                0x0000000008002db8                HAL_RCC_ClockConfig
 .text.HAL_RCC_GetSysClockFreq
                0x0000000008003124      0x2f4 ./Drivers/STM32H7xx_HAL_Driver/stm32h7xx_hal_rcc.o
                0x0000000008003124                HAL_RCC_GetSysClockFreq
 .text.HAL_RCC_GetHCLKFreq
                0x0000000008003418       0x60 ./Drivers/STM32H7xx_HAL_Driver/stm32h7xx_hal_rcc.o
                0x0000000008003418                HAL_RCC_GetHCLKFreq
 .text.HAL_RCCEx_PeriphCLKConfig
                0x0000000008003478      0xee0 ./Drivers/STM32H7xx_HAL_Driver/stm32h7xx_hal_rcc_ex.o
                0x0000000008003478                HAL_RCCEx_PeriphCLKConfig
 .text.HAL_RCCEx_GetPeriphCLKFreq
                0x0000000008004358      0x9a4 ./Drivers/STM32H7xx_HAL_Driver/stm32h7xx_hal_rcc_ex.o
                0x0000000008004358                HAL_RCCEx_GetPeriphCLKFreq
 .text.HAL_RCCEx_GetD3PCLK1Freq
                0x0000000008004cfc       0x2c ./Drivers/STM32H7xx_HAL_Driver/stm32h7xx_hal_rcc_ex.o
                0x0000000008004cfc                HAL_RCCEx_GetD3PCLK1Freq
 .text.HAL_RCCEx_GetPLL2ClockFreq
                0x0000000008004d28      0x2a8 ./Drivers/STM32H7xx_HAL_Driver/stm32h7xx_hal_rcc_ex.o
                0x0000000008004d28                HAL_RCCEx_GetPLL2ClockFreq
 .text.HAL_RCCEx_GetPLL3ClockFreq
                0x0000000008004fd0      0x2a8 ./Drivers/STM32H7xx_HAL_Driver/stm32h7xx_hal_rcc_ex.o
                0x0000000008004fd0                HAL_RCCEx_GetPLL3ClockFreq
 .text.HAL_RCCEx_GetPLL1ClockFreq
                0x0000000008005278      0x2a4 ./Drivers/STM32H7xx_HAL_Driver/stm32h7xx_hal_rcc_ex.o
                0x0000000008005278                HAL_RCCEx_GetPLL1ClockFreq
 .text.RCCEx_PLL2_Config
                0x000000000800551c      0x164 ./Drivers/STM32H7xx_HAL_Driver/stm32h7xx_hal_rcc_ex.o
 .text.RCCEx_PLL3_Config
                0x0000000008005680      0x164 ./Drivers/STM32H7xx_HAL_Driver/stm32h7xx_hal_rcc_ex.o
 .text.HAL_SD_Init
                0x00000000080057e4      0x106 ./Drivers/STM32H7xx_HAL_Driver/stm32h7xx_hal_sd.o
                0x00000000080057e4                HAL_SD_Init
 *fill*         0x00000000080058ea        0x2 
 .text.HAL_SD_InitCard
                0x00000000080058ec      0x128 ./Drivers/STM32H7xx_HAL_Driver/stm32h7xx_hal_sd.o
                0x00000000080058ec                HAL_SD_InitCard
 .text.HAL_SD_ReadBlocks_DMA
                0x0000000008005a14      0x150 ./Drivers/STM32H7xx_HAL_Driver/stm32h7xx_hal_sd.o
                0x0000000008005a14                HAL_SD_ReadBlocks_DMA
 .text.HAL_SD_WriteBlocks_DMA
                0x0000000008005b64      0x150 ./Drivers/STM32H7xx_HAL_Driver/stm32h7xx_hal_sd.o
                0x0000000008005b64                HAL_SD_WriteBlocks_DMA
 .text.HAL_SD_IRQHandler
                0x0000000008005cb4      0x36c ./Drivers/STM32H7xx_HAL_Driver/stm32h7xx_hal_sd.o
                0x0000000008005cb4                HAL_SD_IRQHandler
 .text.HAL_SD_ErrorCallback
                0x0000000008006020       0x14 ./Drivers/STM32H7xx_HAL_Driver/stm32h7xx_hal_sd.o
                0x0000000008006020                HAL_SD_ErrorCallback
 .text.HAL_SD_GetCardCSD
                0x0000000008006034      0x348 ./Drivers/STM32H7xx_HAL_Driver/stm32h7xx_hal_sd.o
                0x0000000008006034                HAL_SD_GetCardCSD
 .text.HAL_SD_GetCardStatus
                0x000000000800637c      0x16c ./Drivers/STM32H7xx_HAL_Driver/stm32h7xx_hal_sd.o
                0x000000000800637c                HAL_SD_GetCardStatus
 .text.HAL_SD_GetCardInfo
                0x00000000080064e8       0x58 ./Drivers/STM32H7xx_HAL_Driver/stm32h7xx_hal_sd.o
                0x00000000080064e8                HAL_SD_GetCardInfo
 .text.HAL_SD_ConfigWideBusOperation
                0x0000000008006540      0x220 ./Drivers/STM32H7xx_HAL_Driver/stm32h7xx_hal_sd.o
                0x0000000008006540                HAL_SD_ConfigWideBusOperation
 .text.HAL_SD_GetCardState
                0x0000000008006760       0x40 ./Drivers/STM32H7xx_HAL_Driver/stm32h7xx_hal_sd.o
                0x0000000008006760                HAL_SD_GetCardState
 .text.SD_InitCard
                0x00000000080067a0      0x176 ./Drivers/STM32H7xx_HAL_Driver/stm32h7xx_hal_sd.o
 *fill*         0x0000000008006916        0x2 
 .text.SD_PowerON
                0x0000000008006918      0x114 ./Drivers/STM32H7xx_HAL_Driver/stm32h7xx_hal_sd.o
 .text.SD_SendSDStatus
                0x0000000008006a2c      0x1a0 ./Drivers/STM32H7xx_HAL_Driver/stm32h7xx_hal_sd.o
 .text.SD_SendStatus
                0x0000000008006bcc       0x50 ./Drivers/STM32H7xx_HAL_Driver/stm32h7xx_hal_sd.o
 .text.SD_WideBus_Enable
                0x0000000008006c1c       0x96 ./Drivers/STM32H7xx_HAL_Driver/stm32h7xx_hal_sd.o
 .text.SD_WideBus_Disable
                0x0000000008006cb2       0x96 ./Drivers/STM32H7xx_HAL_Driver/stm32h7xx_hal_sd.o
 .text.SD_FindSCR
                0x0000000008006d48      0x1a0 ./Drivers/STM32H7xx_HAL_Driver/stm32h7xx_hal_sd.o
 .text.SD_Read_IT
                0x0000000008006ee8       0x8c ./Drivers/STM32H7xx_HAL_Driver/stm32h7xx_hal_sd.o
 .text.SD_Write_IT
                0x0000000008006f74       0x94 ./Drivers/STM32H7xx_HAL_Driver/stm32h7xx_hal_sd.o
 .text.HAL_SDEx_Read_DMADoubleBuf0CpltCallback
                0x0000000008007008       0x14 ./Drivers/STM32H7xx_HAL_Driver/stm32h7xx_hal_sd.o
                0x0000000008007008                HAL_SDEx_Read_DMADoubleBuf0CpltCallback
 .text.HAL_SDEx_Read_DMADoubleBuf1CpltCallback
                0x000000000800701c       0x14 ./Drivers/STM32H7xx_HAL_Driver/stm32h7xx_hal_sd.o
                0x000000000800701c                HAL_SDEx_Read_DMADoubleBuf1CpltCallback
 .text.HAL_SDEx_Write_DMADoubleBuf0CpltCallback
                0x0000000008007030       0x14 ./Drivers/STM32H7xx_HAL_Driver/stm32h7xx_hal_sd.o
                0x0000000008007030                HAL_SDEx_Write_DMADoubleBuf0CpltCallback
 .text.HAL_SDEx_Write_DMADoubleBuf1CpltCallback
                0x0000000008007044       0x14 ./Drivers/STM32H7xx_HAL_Driver/stm32h7xx_hal_sd.o
                0x0000000008007044                HAL_SDEx_Write_DMADoubleBuf1CpltCallback
 .text.SDMMC_Init
                0x0000000008007058       0x54 ./Drivers/STM32H7xx_HAL_Driver/stm32h7xx_ll_sdmmc.o
                0x0000000008007058                SDMMC_Init
 .text.SDMMC_ReadFIFO
                0x00000000080070ac       0x1a ./Drivers/STM32H7xx_HAL_Driver/stm32h7xx_ll_sdmmc.o
                0x00000000080070ac                SDMMC_ReadFIFO
 .text.SDMMC_WriteFIFO
                0x00000000080070c6       0x22 ./Drivers/STM32H7xx_HAL_Driver/stm32h7xx_ll_sdmmc.o
                0x00000000080070c6                SDMMC_WriteFIFO
 .text.SDMMC_PowerState_ON
                0x00000000080070e8       0x22 ./Drivers/STM32H7xx_HAL_Driver/stm32h7xx_ll_sdmmc.o
                0x00000000080070e8                SDMMC_PowerState_ON
 .text.SDMMC_GetPowerState
                0x000000000800710a       0x1c ./Drivers/STM32H7xx_HAL_Driver/stm32h7xx_ll_sdmmc.o
                0x000000000800710a                SDMMC_GetPowerState
 *fill*         0x0000000008007126        0x2 
 .text.SDMMC_SendCommand
                0x0000000008007128       0x54 ./Drivers/STM32H7xx_HAL_Driver/stm32h7xx_ll_sdmmc.o
                0x0000000008007128                SDMMC_SendCommand
 .text.SDMMC_GetCommandResponse
                0x000000000800717c       0x1a ./Drivers/STM32H7xx_HAL_Driver/stm32h7xx_ll_sdmmc.o
                0x000000000800717c                SDMMC_GetCommandResponse
 .text.SDMMC_GetResponse
                0x0000000008007196       0x26 ./Drivers/STM32H7xx_HAL_Driver/stm32h7xx_ll_sdmmc.o
                0x0000000008007196                SDMMC_GetResponse
 .text.SDMMC_ConfigData
                0x00000000080071bc       0x58 ./Drivers/STM32H7xx_HAL_Driver/stm32h7xx_ll_sdmmc.o
                0x00000000080071bc                SDMMC_ConfigData
 .text.SDMMC_CmdBlockLength
                0x0000000008007214       0x46 ./Drivers/STM32H7xx_HAL_Driver/stm32h7xx_ll_sdmmc.o
                0x0000000008007214                SDMMC_CmdBlockLength
 .text.SDMMC_CmdReadSingleBlock
                0x000000000800725a       0x46 ./Drivers/STM32H7xx_HAL_Driver/stm32h7xx_ll_sdmmc.o
                0x000000000800725a                SDMMC_CmdReadSingleBlock
 .text.SDMMC_CmdReadMultiBlock
                0x00000000080072a0       0x46 ./Drivers/STM32H7xx_HAL_Driver/stm32h7xx_ll_sdmmc.o
                0x00000000080072a0                SDMMC_CmdReadMultiBlock
 .text.SDMMC_CmdWriteSingleBlock
                0x00000000080072e6       0x46 ./Drivers/STM32H7xx_HAL_Driver/stm32h7xx_ll_sdmmc.o
                0x00000000080072e6                SDMMC_CmdWriteSingleBlock
 .text.SDMMC_CmdWriteMultiBlock
                0x000000000800732c       0x46 ./Drivers/STM32H7xx_HAL_Driver/stm32h7xx_ll_sdmmc.o
                0x000000000800732c                SDMMC_CmdWriteMultiBlock
 *fill*         0x0000000008007372        0x2 
 .text.SDMMC_CmdStopTransfer
                0x0000000008007374       0x78 ./Drivers/STM32H7xx_HAL_Driver/stm32h7xx_ll_sdmmc.o
                0x0000000008007374                SDMMC_CmdStopTransfer
 .text.SDMMC_CmdSelDesel
                0x00000000080073ec       0x46 ./Drivers/STM32H7xx_HAL_Driver/stm32h7xx_ll_sdmmc.o
                0x00000000080073ec                SDMMC_CmdSelDesel
 .text.SDMMC_CmdGoIdleState
                0x0000000008007432       0x3c ./Drivers/STM32H7xx_HAL_Driver/stm32h7xx_ll_sdmmc.o
                0x0000000008007432                SDMMC_CmdGoIdleState
 .text.SDMMC_CmdOperCond
                0x000000000800746e       0x40 ./Drivers/STM32H7xx_HAL_Driver/stm32h7xx_ll_sdmmc.o
                0x000000000800746e                SDMMC_CmdOperCond
 .text.SDMMC_CmdAppCommand
                0x00000000080074ae       0x46 ./Drivers/STM32H7xx_HAL_Driver/stm32h7xx_ll_sdmmc.o
                0x00000000080074ae                SDMMC_CmdAppCommand
 .text.SDMMC_CmdAppOperCommand
                0x00000000080074f4       0x40 ./Drivers/STM32H7xx_HAL_Driver/stm32h7xx_ll_sdmmc.o
                0x00000000080074f4                SDMMC_CmdAppOperCommand
 .text.SDMMC_CmdBusWidth
                0x0000000008007534       0x46 ./Drivers/STM32H7xx_HAL_Driver/stm32h7xx_ll_sdmmc.o
                0x0000000008007534                SDMMC_CmdBusWidth
 .text.SDMMC_CmdSendSCR
                0x000000000800757a       0x44 ./Drivers/STM32H7xx_HAL_Driver/stm32h7xx_ll_sdmmc.o
                0x000000000800757a                SDMMC_CmdSendSCR
 .text.SDMMC_CmdSendCID
                0x00000000080075be       0x3e ./Drivers/STM32H7xx_HAL_Driver/stm32h7xx_ll_sdmmc.o
                0x00000000080075be                SDMMC_CmdSendCID
 .text.SDMMC_CmdSendCSD
                0x00000000080075fc       0x40 ./Drivers/STM32H7xx_HAL_Driver/stm32h7xx_ll_sdmmc.o
                0x00000000080075fc                SDMMC_CmdSendCSD
 .text.SDMMC_CmdSetRelAdd
                0x000000000800763c       0x44 ./Drivers/STM32H7xx_HAL_Driver/stm32h7xx_ll_sdmmc.o
                0x000000000800763c                SDMMC_CmdSetRelAdd
 .text.SDMMC_CmdSendStatus
                0x0000000008007680       0x46 ./Drivers/STM32H7xx_HAL_Driver/stm32h7xx_ll_sdmmc.o
                0x0000000008007680                SDMMC_CmdSendStatus
 .text.SDMMC_CmdStatusRegister
                0x00000000080076c6       0x44 ./Drivers/STM32H7xx_HAL_Driver/stm32h7xx_ll_sdmmc.o
                0x00000000080076c6                SDMMC_CmdStatusRegister
 *fill*         0x000000000800770a        0x2 
 .text.SDMMC_GetCmdResp1
                0x000000000800770c      0x1e4 ./Drivers/STM32H7xx_HAL_Driver/stm32h7xx_ll_sdmmc.o
                0x000000000800770c                SDMMC_GetCmdResp1
 .text.SDMMC_GetCmdResp2
                0x00000000080078f0       0x94 ./Drivers/STM32H7xx_HAL_Driver/stm32h7xx_ll_sdmmc.o
                0x00000000080078f0                SDMMC_GetCmdResp2
 .text.SDMMC_GetCmdResp3
                0x0000000008007984       0x80 ./Drivers/STM32H7xx_HAL_Driver/stm32h7xx_ll_sdmmc.o
                0x0000000008007984                SDMMC_GetCmdResp3
 .text.SDMMC_GetCmdResp6
                0x0000000008007a04       0xf0 ./Drivers/STM32H7xx_HAL_Driver/stm32h7xx_ll_sdmmc.o
                0x0000000008007a04                SDMMC_GetCmdResp6
 .text.SDMMC_GetCmdResp7
                0x0000000008007af4       0x9c ./Drivers/STM32H7xx_HAL_Driver/stm32h7xx_ll_sdmmc.o
                0x0000000008007af4                SDMMC_GetCmdResp7
 .text.SDMMC_GetCmdError
                0x0000000008007b90       0x5c ./Drivers/STM32H7xx_HAL_Driver/stm32h7xx_ll_sdmmc.o
 .text.MX_FATFS_Init
                0x0000000008007bec       0x24 ./FATFS/App/fatfs.o
                0x0000000008007bec                MX_FATFS_Init
 .text.get_fattime
                0x0000000008007c10       0x10 ./FATFS/App/fatfs.o
                0x0000000008007c10                get_fattime
 .text.BSP_SD_Init
                0x0000000008007c20       0x4c ./FATFS/Target/bsp_driver_sd.o
                0x0000000008007c20                BSP_SD_Init
 .text.BSP_SD_ReadBlocks_DMA
                0x0000000008007c6c       0x34 ./FATFS/Target/bsp_driver_sd.o
                0x0000000008007c6c                BSP_SD_ReadBlocks_DMA
 .text.BSP_SD_WriteBlocks_DMA
                0x0000000008007ca0       0x34 ./FATFS/Target/bsp_driver_sd.o
                0x0000000008007ca0                BSP_SD_WriteBlocks_DMA
 .text.BSP_SD_GetCardState
                0x0000000008007cd4       0x20 ./FATFS/Target/bsp_driver_sd.o
                0x0000000008007cd4                BSP_SD_GetCardState
 .text.BSP_SD_GetCardInfo
                0x0000000008007cf4       0x1c ./FATFS/Target/bsp_driver_sd.o
                0x0000000008007cf4                BSP_SD_GetCardInfo
 .text.HAL_SD_TxCpltCallback
                0x0000000008007d10       0x14 ./FATFS/Target/bsp_driver_sd.o
                0x0000000008007d10                HAL_SD_TxCpltCallback
 .text.HAL_SD_RxCpltCallback
                0x0000000008007d24       0x14 ./FATFS/Target/bsp_driver_sd.o
                0x0000000008007d24                HAL_SD_RxCpltCallback
 .text.BSP_SD_IsDetected
                0x0000000008007d38       0x24 ./FATFS/Target/bsp_driver_sd.o
                0x0000000008007d38                BSP_SD_IsDetected
 .text.BSP_PlatformIsDetected
                0x0000000008007d5c       0x2c ./FATFS/Target/fatfs_platform.o
                0x0000000008007d5c                BSP_PlatformIsDetected
 .text.SD_CheckStatusWithTimeout
                0x0000000008007d88       0x3a ./FATFS/Target/sd_diskio.o
 *fill*         0x0000000008007dc2        0x2 
 .text.SD_CheckStatus
                0x0000000008007dc4       0x3c ./FATFS/Target/sd_diskio.o
 .text.SD_initialize
                0x0000000008007e00       0x38 ./FATFS/Target/sd_diskio.o
                0x0000000008007e00                SD_initialize
 .text.SD_status
                0x0000000008007e38       0x1c ./FATFS/Target/sd_diskio.o
                0x0000000008007e38                SD_status
 .text.SD_read  0x0000000008007e54       0xac ./FATFS/Target/sd_diskio.o
                0x0000000008007e54                SD_read
 .text.SD_write
                0x0000000008007f00       0xac ./FATFS/Target/sd_diskio.o
                0x0000000008007f00                SD_write
 .text.SD_ioctl
                0x0000000008007fac       0xb0 ./FATFS/Target/sd_diskio.o
                0x0000000008007fac                SD_ioctl
 .text.BSP_SD_WriteCpltCallback
                0x000000000800805c       0x18 ./FATFS/Target/sd_diskio.o
                0x000000000800805c                BSP_SD_WriteCpltCallback
 .text.BSP_SD_ReadCpltCallback
                0x0000000008008074       0x18 ./FATFS/Target/sd_diskio.o
                0x0000000008008074                BSP_SD_ReadCpltCallback
 .text.disk_status
                0x000000000800808c       0x34 ./Middlewares/Third_Party/FatFs/diskio.o
                0x000000000800808c                disk_status
 .text.disk_initialize
                0x00000000080080c0       0x4c ./Middlewares/Third_Party/FatFs/diskio.o
                0x00000000080080c0                disk_initialize
 .text.disk_read
                0x000000000800810c       0x40 ./Middlewares/Third_Party/FatFs/diskio.o
                0x000000000800810c                disk_read
 .text.disk_write
                0x000000000800814c       0x40 ./Middlewares/Third_Party/FatFs/diskio.o
                0x000000000800814c                disk_write
 .text.disk_ioctl
                0x000000000800818c       0x3c ./Middlewares/Third_Party/FatFs/diskio.o
                0x000000000800818c                disk_ioctl
 .text.ld_word  0x00000000080081c8       0x30 ./Middlewares/Third_Party/FatFs/ff.o
 .text.ld_dword
                0x00000000080081f8       0x46 ./Middlewares/Third_Party/FatFs/ff.o
 .text.st_word  0x000000000800823e       0x36 ./Middlewares/Third_Party/FatFs/ff.o
 .text.st_dword
                0x0000000008008274       0x58 ./Middlewares/Third_Party/FatFs/ff.o
 .text.mem_cpy  0x00000000080082cc       0x42 ./Middlewares/Third_Party/FatFs/ff.o
 .text.mem_set  0x000000000800830e       0x36 ./Middlewares/Third_Party/FatFs/ff.o
 .text.mem_cmp  0x0000000008008344       0x4e ./Middlewares/Third_Party/FatFs/ff.o
 .text.chk_chr  0x0000000008008392       0x36 ./Middlewares/Third_Party/FatFs/ff.o
 .text.chk_lock
                0x00000000080083c8       0xb8 ./Middlewares/Third_Party/FatFs/ff.o
 .text.enq_lock
                0x0000000008008480       0x44 ./Middlewares/Third_Party/FatFs/ff.o
 .text.inc_lock
                0x00000000080084c4      0x11c ./Middlewares/Third_Party/FatFs/ff.o
 .text.dec_lock
                0x00000000080085e0       0x78 ./Middlewares/Third_Party/FatFs/ff.o
 .text.clear_lock
                0x0000000008008658       0x48 ./Middlewares/Third_Party/FatFs/ff.o
 .text.sync_window
                0x00000000080086a0       0x88 ./Middlewares/Third_Party/FatFs/ff.o
 .text.move_window
                0x0000000008008728       0x5a ./Middlewares/Third_Party/FatFs/ff.o
 *fill*         0x0000000008008782        0x2 
 .text.sync_fs  0x0000000008008784       0xdc ./Middlewares/Third_Party/FatFs/ff.o
 .text.clust2sect
                0x0000000008008860       0x3e ./Middlewares/Third_Party/FatFs/ff.o
 .text.get_fat  0x000000000800889e      0x150 ./Middlewares/Third_Party/FatFs/ff.o
 .text.put_fat  0x00000000080089ee      0x1d8 ./Middlewares/Third_Party/FatFs/ff.o
 .text.remove_chain
                0x0000000008008bc6       0xca ./Middlewares/Third_Party/FatFs/ff.o
 .text.create_chain
                0x0000000008008c90      0x130 ./Middlewares/Third_Party/FatFs/ff.o
 .text.clmt_clust
                0x0000000008008dc0       0x68 ./Middlewares/Third_Party/FatFs/ff.o
 .text.dir_sdi  0x0000000008008e28       0xf6 ./Middlewares/Third_Party/FatFs/ff.o
 .text.dir_next
                0x0000000008008f1e      0x18a ./Middlewares/Third_Party/FatFs/ff.o
 .text.dir_alloc
                0x00000000080090a8       0x8e ./Middlewares/Third_Party/FatFs/ff.o
 .text.ld_clust
                0x0000000008009136       0x3e ./Middlewares/Third_Party/FatFs/ff.o
 .text.st_clust
                0x0000000008009174       0x40 ./Middlewares/Third_Party/FatFs/ff.o
 .text.dir_find
                0x00000000080091b4       0xaa ./Middlewares/Third_Party/FatFs/ff.o
 .text.dir_register
                0x000000000800925e       0x64 ./Middlewares/Third_Party/FatFs/ff.o
 *fill*         0x00000000080092c2        0x2 
 .text.create_name
                0x00000000080092c4      0x128 ./Middlewares/Third_Party/FatFs/ff.o
 .text.follow_path
                0x00000000080093ec       0xe2 ./Middlewares/Third_Party/FatFs/ff.o
 .text.get_ldnumber
                0x00000000080094ce       0x88 ./Middlewares/Third_Party/FatFs/ff.o
 *fill*         0x0000000008009556        0x2 
 .text.check_fs
                0x0000000008009558       0xac ./Middlewares/Third_Party/FatFs/ff.o
 .text.find_volume
                0x0000000008009604      0x498 ./Middlewares/Third_Party/FatFs/ff.o
 .text.validate
                0x0000000008009a9c       0x6a ./Middlewares/Third_Party/FatFs/ff.o
 *fill*         0x0000000008009b06        0x2 
 .text.f_mount  0x0000000008009b08       0x8c ./Middlewares/Third_Party/FatFs/ff.o
                0x0000000008009b08                f_mount
 .text.f_open   0x0000000008009b94      0x37c ./Middlewares/Third_Party/FatFs/ff.o
                0x0000000008009b94                f_open
 .text.f_write  0x0000000008009f10      0x2ea ./Middlewares/Third_Party/FatFs/ff.o
                0x0000000008009f10                f_write
 .text.f_sync   0x000000000800a1fa       0xfc ./Middlewares/Third_Party/FatFs/ff.o
                0x000000000800a1fa                f_sync
 .text.f_close  0x000000000800a2f6       0x54 ./Middlewares/Third_Party/FatFs/ff.o
                0x000000000800a2f6                f_close
 *fill*         0x000000000800a34a        0x2 
 .text.f_mkfs   0x000000000800a34c      0x858 ./Middlewares/Third_Party/FatFs/ff.o
                0x000000000800a34c                f_mkfs
 .text.FATFS_LinkDriverEx
                0x000000000800aba4       0x98 ./Middlewares/Third_Party/FatFs/ff_gen_drv.o
                0x000000000800aba4                FATFS_LinkDriverEx
 .text.FATFS_LinkDriver
                0x000000000800ac3c       0x1e ./Middlewares/Third_Party/FatFs/ff_gen_drv.o
                0x000000000800ac3c                FATFS_LinkDriver
 *fill*         0x000000000800ac5a        0x2 
 .text.gcvt     0x000000000800ac5c       0x3c c:/st/stm32cubeide_1.6.0/stm32cubeide/plugins/com.st.stm32cube.ide.mcu.externaltools.gnu-tools-for-stm32.9-2020-q2-update.win32_2.0.0.202105311346/tools/bin/../lib/gcc/arm-none-eabi/9.3.1/../../../../arm-none-eabi/lib/thumb/v7e-m+dp/hard\libc_nano.a(lib_a-efgcvt.o)
                0x000000000800ac5c                gcvt
 .text.__errno  0x000000000800ac98        0xc c:/st/stm32cubeide_1.6.0/stm32cubeide/plugins/com.st.stm32cube.ide.mcu.externaltools.gnu-tools-for-stm32.9-2020-q2-update.win32_2.0.0.202105311346/tools/bin/../lib/gcc/arm-none-eabi/9.3.1/../../../../arm-none-eabi/lib/thumb/v7e-m+dp/hard\libc_nano.a(lib_a-errno.o)
                0x000000000800ac98                __errno
 .text.__libc_init_array
                0x000000000800aca4       0x48 c:/st/stm32cubeide_1.6.0/stm32cubeide/plugins/com.st.stm32cube.ide.mcu.externaltools.gnu-tools-for-stm32.9-2020-q2-update.win32_2.0.0.202105311346/tools/bin/../lib/gcc/arm-none-eabi/9.3.1/../../../../arm-none-eabi/lib/thumb/v7e-m+dp/hard\libc_nano.a(lib_a-init.o)
                0x000000000800aca4                __libc_init_array
 .text.memset   0x000000000800acec       0x10 c:/st/stm32cubeide_1.6.0/stm32cubeide/plugins/com.st.stm32cube.ide.mcu.externaltools.gnu-tools-for-stm32.9-2020-q2-update.win32_2.0.0.202105311346/tools/bin/../lib/gcc/arm-none-eabi/9.3.1/../../../../arm-none-eabi/lib/thumb/v7e-m+dp/hard\libc_nano.a(lib_a-memset.o)
                0x000000000800acec                memset
 .text.print_e  0x000000000800acfc       0xe6 c:/st/stm32cubeide_1.6.0/stm32cubeide/plugins/com.st.stm32cube.ide.mcu.externaltools.gnu-tools-for-stm32.9-2020-q2-update.win32_2.0.0.202105311346/tools/bin/../lib/gcc/arm-none-eabi/9.3.1/../../../../arm-none-eabi/lib/thumb/v7e-m+dp/hard\libc_nano.a(lib_a-ecvtbuf.o)
 *fill*         0x000000000800ade2        0x6 
 .text._gcvt    0x000000000800ade8      0x170 c:/st/stm32cubeide_1.6.0/stm32cubeide/plugins/com.st.stm32cube.ide.mcu.externaltools.gnu-tools-for-stm32.9-2020-q2-update.win32_2.0.0.202105311346/tools/bin/../lib/gcc/arm-none-eabi/9.3.1/../../../../arm-none-eabi/lib/thumb/v7e-m+dp/hard\libc_nano.a(lib_a-ecvtbuf.o)
                0x000000000800ade8                _gcvt
 .text._Balloc  0x000000000800af58       0x80 c:/st/stm32cubeide_1.6.0/stm32cubeide/plugins/com.st.stm32cube.ide.mcu.externaltools.gnu-tools-for-stm32.9-2020-q2-update.win32_2.0.0.202105311346/tools/bin/../lib/gcc/arm-none-eabi/9.3.1/../../../../arm-none-eabi/lib/thumb/v7e-m+dp/hard\libc_nano.a(lib_a-mprec.o)
                0x000000000800af58                _Balloc
 .text._Bfree   0x000000000800afd8       0x44 c:/st/stm32cubeide_1.6.0/stm32cubeide/plugins/com.st.stm32cube.ide.mcu.externaltools.gnu-tools-for-stm32.9-2020-q2-update.win32_2.0.0.202105311346/tools/bin/../lib/gcc/arm-none-eabi/9.3.1/../../../../arm-none-eabi/lib/thumb/v7e-m+dp/hard\libc_nano.a(lib_a-mprec.o)
                0x000000000800afd8                _Bfree
 .text.__multadd
                0x000000000800b01c       0x94 c:/st/stm32cubeide_1.6.0/stm32cubeide/plugins/com.st.stm32cube.ide.mcu.externaltools.gnu-tools-for-stm32.9-2020-q2-update.win32_2.0.0.202105311346/tools/bin/../lib/gcc/arm-none-eabi/9.3.1/../../../../arm-none-eabi/lib/thumb/v7e-m+dp/hard\libc_nano.a(lib_a-mprec.o)
                0x000000000800b01c                __multadd
 .text.__hi0bits
                0x000000000800b0b0       0x40 c:/st/stm32cubeide_1.6.0/stm32cubeide/plugins/com.st.stm32cube.ide.mcu.externaltools.gnu-tools-for-stm32.9-2020-q2-update.win32_2.0.0.202105311346/tools/bin/../lib/gcc/arm-none-eabi/9.3.1/../../../../arm-none-eabi/lib/thumb/v7e-m+dp/hard\libc_nano.a(lib_a-mprec.o)
                0x000000000800b0b0                __hi0bits
 .text.__lo0bits
                0x000000000800b0f0       0x60 c:/st/stm32cubeide_1.6.0/stm32cubeide/plugins/com.st.stm32cube.ide.mcu.externaltools.gnu-tools-for-stm32.9-2020-q2-update.win32_2.0.0.202105311346/tools/bin/../lib/gcc/arm-none-eabi/9.3.1/../../../../arm-none-eabi/lib/thumb/v7e-m+dp/hard\libc_nano.a(lib_a-mprec.o)
                0x000000000800b0f0                __lo0bits
 .text.__i2b    0x000000000800b150       0x2c c:/st/stm32cubeide_1.6.0/stm32cubeide/plugins/com.st.stm32cube.ide.mcu.externaltools.gnu-tools-for-stm32.9-2020-q2-update.win32_2.0.0.202105311346/tools/bin/../lib/gcc/arm-none-eabi/9.3.1/../../../../arm-none-eabi/lib/thumb/v7e-m+dp/hard\libc_nano.a(lib_a-mprec.o)
                0x000000000800b150                __i2b
 .text.__multiply
                0x000000000800b17c      0x14c c:/st/stm32cubeide_1.6.0/stm32cubeide/plugins/com.st.stm32cube.ide.mcu.externaltools.gnu-tools-for-stm32.9-2020-q2-update.win32_2.0.0.202105311346/tools/bin/../lib/gcc/arm-none-eabi/9.3.1/../../../../arm-none-eabi/lib/thumb/v7e-m+dp/hard\libc_nano.a(lib_a-mprec.o)
                0x000000000800b17c                __multiply
 .text.__pow5mult
                0x000000000800b2c8       0xb4 c:/st/stm32cubeide_1.6.0/stm32cubeide/plugins/com.st.stm32cube.ide.mcu.externaltools.gnu-tools-for-stm32.9-2020-q2-update.win32_2.0.0.202105311346/tools/bin/../lib/gcc/arm-none-eabi/9.3.1/../../../../arm-none-eabi/lib/thumb/v7e-m+dp/hard\libc_nano.a(lib_a-mprec.o)
                0x000000000800b2c8                __pow5mult
 .text.__lshift
                0x000000000800b37c       0xd8 c:/st/stm32cubeide_1.6.0/stm32cubeide/plugins/com.st.stm32cube.ide.mcu.externaltools.gnu-tools-for-stm32.9-2020-q2-update.win32_2.0.0.202105311346/tools/bin/../lib/gcc/arm-none-eabi/9.3.1/../../../../arm-none-eabi/lib/thumb/v7e-m+dp/hard\libc_nano.a(lib_a-mprec.o)
                0x000000000800b37c                __lshift
 .text.__mcmp   0x000000000800b454       0x38 c:/st/stm32cubeide_1.6.0/stm32cubeide/plugins/com.st.stm32cube.ide.mcu.externaltools.gnu-tools-for-stm32.9-2020-q2-update.win32_2.0.0.202105311346/tools/bin/../lib/gcc/arm-none-eabi/9.3.1/../../../../arm-none-eabi/lib/thumb/v7e-m+dp/hard\libc_nano.a(lib_a-mprec.o)
                0x000000000800b454                __mcmp
 .text.__mdiff  0x000000000800b48c      0x110 c:/st/stm32cubeide_1.6.0/stm32cubeide/plugins/com.st.stm32cube.ide.mcu.externaltools.gnu-tools-for-stm32.9-2020-q2-update.win32_2.0.0.202105311346/tools/bin/../lib/gcc/arm-none-eabi/9.3.1/../../../../arm-none-eabi/lib/thumb/v7e-m+dp/hard\libc_nano.a(lib_a-mprec.o)
                0x000000000800b48c                __mdiff
 .text.__d2b    0x000000000800b59c       0xb8 c:/st/stm32cubeide_1.6.0/stm32cubeide/plugins/com.st.stm32cube.ide.mcu.externaltools.gnu-tools-for-stm32.9-2020-q2-update.win32_2.0.0.202105311346/tools/bin/../lib/gcc/arm-none-eabi/9.3.1/../../../../arm-none-eabi/lib/thumb/v7e-m+dp/hard\libc_nano.a(lib_a-mprec.o)
                0x000000000800b59c                __d2b
 .text._mprec_log10
                0x000000000800b654       0x28 c:/st/stm32cubeide_1.6.0/stm32cubeide/plugins/com.st.stm32cube.ide.mcu.externaltools.gnu-tools-for-stm32.9-2020-q2-update.win32_2.0.0.202105311346/tools/bin/../lib/gcc/arm-none-eabi/9.3.1/../../../../arm-none-eabi/lib/thumb/v7e-m+dp/hard\libc_nano.a(lib_a-mprec.o)
                0x000000000800b654                _mprec_log10
 .text._calloc_r
                0x000000000800b67c       0x1e c:/st/stm32cubeide_1.6.0/stm32cubeide/plugins/com.st.stm32cube.ide.mcu.externaltools.gnu-tools-for-stm32.9-2020-q2-update.win32_2.0.0.202105311346/tools/bin/../lib/gcc/arm-none-eabi/9.3.1/../../../../arm-none-eabi/lib/thumb/v7e-m+dp/hard\libc_nano.a(lib_a-nano-callocr.o)
                0x000000000800b67c                _calloc_r
 *fill*         0x000000000800b69a        0x2 
 .text._malloc_r
                0x000000000800b69c       0xb4 c:/st/stm32cubeide_1.6.0/stm32cubeide/plugins/com.st.stm32cube.ide.mcu.externaltools.gnu-tools-for-stm32.9-2020-q2-update.win32_2.0.0.202105311346/tools/bin/../lib/gcc/arm-none-eabi/9.3.1/../../../../arm-none-eabi/lib/thumb/v7e-m+dp/hard\libc_nano.a(lib_a-nano-mallocr.o)
                0x000000000800b69c                _malloc_r
 .text._sbrk_r  0x000000000800b750       0x20 c:/st/stm32cubeide_1.6.0/stm32cubeide/plugins/com.st.stm32cube.ide.mcu.externaltools.gnu-tools-for-stm32.9-2020-q2-update.win32_2.0.0.202105311346/tools/bin/../lib/gcc/arm-none-eabi/9.3.1/../../../../arm-none-eabi/lib/thumb/v7e-m+dp/hard\libc_nano.a(lib_a-sbrkr.o)
                0x000000000800b750                _sbrk_r
 .text.strcpy   0x000000000800b770       0x10 c:/st/stm32cubeide_1.6.0/stm32cubeide/plugins/com.st.stm32cube.ide.mcu.externaltools.gnu-tools-for-stm32.9-2020-q2-update.win32_2.0.0.202105311346/tools/bin/../lib/gcc/arm-none-eabi/9.3.1/../../../../arm-none-eabi/lib/thumb/v7e-m+dp/hard\libc_nano.a(lib_a-strcpy.o)
                0x000000000800b770                strcpy
 .text.__assert_func
                0x000000000800b780       0x3c c:/st/stm32cubeide_1.6.0/stm32cubeide/plugins/com.st.stm32cube.ide.mcu.externaltools.gnu-tools-for-stm32.9-2020-q2-update.win32_2.0.0.202105311346/tools/bin/../lib/gcc/arm-none-eabi/9.3.1/../../../../arm-none-eabi/lib/thumb/v7e-m+dp/hard\libc_nano.a(lib_a-assert.o)
                0x000000000800b780                __assert_func
 .text.quorem   0x000000000800b7bc      0x116 c:/st/stm32cubeide_1.6.0/stm32cubeide/plugins/com.st.stm32cube.ide.mcu.externaltools.gnu-tools-for-stm32.9-2020-q2-update.win32_2.0.0.202105311346/tools/bin/../lib/gcc/arm-none-eabi/9.3.1/../../../../arm-none-eabi/lib/thumb/v7e-m+dp/hard\libc_nano.a(lib_a-dtoa.o)
 *fill*         0x000000000800b8d2        0x6 
 .text._dtoa_r  0x000000000800b8d8      0xb04 c:/st/stm32cubeide_1.6.0/stm32cubeide/plugins/com.st.stm32cube.ide.mcu.externaltools.gnu-tools-for-stm32.9-2020-q2-update.win32_2.0.0.202105311346/tools/bin/../lib/gcc/arm-none-eabi/9.3.1/../../../../arm-none-eabi/lib/thumb/v7e-m+dp/hard\libc_nano.a(lib_a-dtoa.o)
                0x000000000800b8d8                _dtoa_r
 .text.fprintf  0x000000000800c3dc       0x24 c:/st/stm32cubeide_1.6.0/stm32cubeide/plugins/com.st.stm32cube.ide.mcu.externaltools.gnu-tools-for-stm32.9-2020-q2-update.win32_2.0.0.202105311346/tools/bin/../lib/gcc/arm-none-eabi/9.3.1/../../../../arm-none-eabi/lib/thumb/v7e-m+dp/hard\libc_nano.a(lib_a-fprintf.o)
                0x000000000800c3dc                fiprintf
                0x000000000800c3dc                fprintf
 .text.malloc   0x000000000800c400       0x10 c:/st/stm32cubeide_1.6.0/stm32cubeide/plugins/com.st.stm32cube.ide.mcu.externaltools.gnu-tools-for-stm32.9-2020-q2-update.win32_2.0.0.202105311346/tools/bin/../lib/gcc/arm-none-eabi/9.3.1/../../../../arm-none-eabi/lib/thumb/v7e-m+dp/hard\libc_nano.a(lib_a-malloc.o)
                0x000000000800c400                malloc
 .text.memcpy   0x000000000800c410       0x1c c:/st/stm32cubeide_1.6.0/stm32cubeide/plugins/com.st.stm32cube.ide.mcu.externaltools.gnu-tools-for-stm32.9-2020-q2-update.win32_2.0.0.202105311346/tools/bin/../lib/gcc/arm-none-eabi/9.3.1/../../../../arm-none-eabi/lib/thumb/v7e-m+dp/hard\libc_nano.a(lib_a-memcpy-stub.o)
                0x000000000800c410                memcpy
 .text.__malloc_lock
                0x000000000800c42c        0xc c:/st/stm32cubeide_1.6.0/stm32cubeide/plugins/com.st.stm32cube.ide.mcu.externaltools.gnu-tools-for-stm32.9-2020-q2-update.win32_2.0.0.202105311346/tools/bin/../lib/gcc/arm-none-eabi/9.3.1/../../../../arm-none-eabi/lib/thumb/v7e-m+dp/hard\libc_nano.a(lib_a-mlock.o)
                0x000000000800c42c                __malloc_lock
 .text.__malloc_unlock
                0x000000000800c438        0xc c:/st/stm32cubeide_1.6.0/stm32cubeide/plugins/com.st.stm32cube.ide.mcu.externaltools.gnu-tools-for-stm32.9-2020-q2-update.win32_2.0.0.202105311346/tools/bin/../lib/gcc/arm-none-eabi/9.3.1/../../../../arm-none-eabi/lib/thumb/v7e-m+dp/hard\libc_nano.a(lib_a-mlock.o)
                0x000000000800c438                __malloc_unlock
 .text._free_r  0x000000000800c444       0xa0 c:/st/stm32cubeide_1.6.0/stm32cubeide/plugins/com.st.stm32cube.ide.mcu.externaltools.gnu-tools-for-stm32.9-2020-q2-update.win32_2.0.0.202105311346/tools/bin/../lib/gcc/arm-none-eabi/9.3.1/../../../../arm-none-eabi/lib/thumb/v7e-m+dp/hard\libc_nano.a(lib_a-nano-freer.o)
                0x000000000800c444                _free_r
 .text.__sfputc_r
                0x000000000800c4e4       0x2e c:/st/stm32cubeide_1.6.0/stm32cubeide/plugins/com.st.stm32cube.ide.mcu.externaltools.gnu-tools-for-stm32.9-2020-q2-update.win32_2.0.0.202105311346/tools/bin/../lib/gcc/arm-none-eabi/9.3.1/../../../../arm-none-eabi/lib/thumb/v7e-m+dp/hard\libc_nano.a(lib_a-nano-vfprintf.o)
 .text.__sfputs_r
                0x000000000800c512       0x24 c:/st/stm32cubeide_1.6.0/stm32cubeide/plugins/com.st.stm32cube.ide.mcu.externaltools.gnu-tools-for-stm32.9-2020-q2-update.win32_2.0.0.202105311346/tools/bin/../lib/gcc/arm-none-eabi/9.3.1/../../../../arm-none-eabi/lib/thumb/v7e-m+dp/hard\libc_nano.a(lib_a-nano-vfprintf.o)
                0x000000000800c512                __sfputs_r
 *fill*         0x000000000800c536        0x2 
 .text._vfprintf_r
                0x000000000800c538      0x260 c:/st/stm32cubeide_1.6.0/stm32cubeide/plugins/com.st.stm32cube.ide.mcu.externaltools.gnu-tools-for-stm32.9-2020-q2-update.win32_2.0.0.202105311346/tools/bin/../lib/gcc/arm-none-eabi/9.3.1/../../../../arm-none-eabi/lib/thumb/v7e-m+dp/hard\libc_nano.a(lib_a-nano-vfprintf.o)
                0x000000000800c538                _vfprintf_r
                0x000000000800c538                _vfiprintf_r
 .text._printf_common
                0x000000000800c798       0xda c:/st/stm32cubeide_1.6.0/stm32cubeide/plugins/com.st.stm32cube.ide.mcu.externaltools.gnu-tools-for-stm32.9-2020-q2-update.win32_2.0.0.202105311346/tools/bin/../lib/gcc/arm-none-eabi/9.3.1/../../../../arm-none-eabi/lib/thumb/v7e-m+dp/hard\libc_nano.a(lib_a-nano-vfprintf_i.o)
                0x000000000800c798                _printf_common
 *fill*         0x000000000800c872        0x2 
 .text._printf_i
                0x000000000800c874      0x24c c:/st/stm32cubeide_1.6.0/stm32cubeide/plugins/com.st.stm32cube.ide.mcu.externaltools.gnu-tools-for-stm32.9-2020-q2-update.win32_2.0.0.202105311346/tools/bin/../lib/gcc/arm-none-eabi/9.3.1/../../../../arm-none-eabi/lib/thumb/v7e-m+dp/hard\libc_nano.a(lib_a-nano-vfprintf_i.o)
                0x000000000800c874                _printf_i
 .text.__swbuf_r
                0x000000000800cac0       0xa4 c:/st/stm32cubeide_1.6.0/stm32cubeide/plugins/com.st.stm32cube.ide.mcu.externaltools.gnu-tools-for-stm32.9-2020-q2-update.win32_2.0.0.202105311346/tools/bin/../lib/gcc/arm-none-eabi/9.3.1/../../../../arm-none-eabi/lib/thumb/v7e-m+dp/hard\libc_nano.a(lib_a-wbuf.o)
                0x000000000800cac0                __swbuf_r
 .text.__swsetup_r
                0x000000000800cb64       0xdc c:/st/stm32cubeide_1.6.0/stm32cubeide/plugins/com.st.stm32cube.ide.mcu.externaltools.gnu-tools-for-stm32.9-2020-q2-update.win32_2.0.0.202105311346/tools/bin/../lib/gcc/arm-none-eabi/9.3.1/../../../../arm-none-eabi/lib/thumb/v7e-m+dp/hard\libc_nano.a(lib_a-wsetup.o)
                0x000000000800cb64                __swsetup_r
 .text.abort    0x000000000800cc40        0xe c:/st/stm32cubeide_1.6.0/stm32cubeide/plugins/com.st.stm32cube.ide.mcu.externaltools.gnu-tools-for-stm32.9-2020-q2-update.win32_2.0.0.202105311346/tools/bin/../lib/gcc/arm-none-eabi/9.3.1/../../../../arm-none-eabi/lib/thumb/v7e-m+dp/hard\libc_nano.a(lib_a-abort.o)
                0x000000000800cc40                abort
 *fill*         0x000000000800cc4e        0x2 
 .text.__sflush_r
                0x000000000800cc50      0x10c c:/st/stm32cubeide_1.6.0/stm32cubeide/plugins/com.st.stm32cube.ide.mcu.externaltools.gnu-tools-for-stm32.9-2020-q2-update.win32_2.0.0.202105311346/tools/bin/../lib/gcc/arm-none-eabi/9.3.1/../../../../arm-none-eabi/lib/thumb/v7e-m+dp/hard\libc_nano.a(lib_a-fflush.o)
                0x000000000800cc50                __sflush_r
 .text._fflush_r
                0x000000000800cd5c       0x78 c:/st/stm32cubeide_1.6.0/stm32cubeide/plugins/com.st.stm32cube.ide.mcu.externaltools.gnu-tools-for-stm32.9-2020-q2-update.win32_2.0.0.202105311346/tools/bin/../lib/gcc/arm-none-eabi/9.3.1/../../../../arm-none-eabi/lib/thumb/v7e-m+dp/hard\libc_nano.a(lib_a-fflush.o)
                0x000000000800cd5c                _fflush_r
 .text.std      0x000000000800cdd4       0x48 c:/st/stm32cubeide_1.6.0/stm32cubeide/plugins/com.st.stm32cube.ide.mcu.externaltools.gnu-tools-for-stm32.9-2020-q2-update.win32_2.0.0.202105311346/tools/bin/../lib/gcc/arm-none-eabi/9.3.1/../../../../arm-none-eabi/lib/thumb/v7e-m+dp/hard\libc_nano.a(lib_a-findfp.o)
 .text._cleanup_r
                0x000000000800ce1c        0xc c:/st/stm32cubeide_1.6.0/stm32cubeide/plugins/com.st.stm32cube.ide.mcu.externaltools.gnu-tools-for-stm32.9-2020-q2-update.win32_2.0.0.202105311346/tools/bin/../lib/gcc/arm-none-eabi/9.3.1/../../../../arm-none-eabi/lib/thumb/v7e-m+dp/hard\libc_nano.a(lib_a-findfp.o)
                0x000000000800ce1c                _cleanup_r
 .text.__sfmoreglue
                0x000000000800ce28       0x2c c:/st/stm32cubeide_1.6.0/stm32cubeide/plugins/com.st.stm32cube.ide.mcu.externaltools.gnu-tools-for-stm32.9-2020-q2-update.win32_2.0.0.202105311346/tools/bin/../lib/gcc/arm-none-eabi/9.3.1/../../../../arm-none-eabi/lib/thumb/v7e-m+dp/hard\libc_nano.a(lib_a-findfp.o)
                0x000000000800ce28                __sfmoreglue
 .text.__sfp_lock_acquire
                0x000000000800ce54        0xc c:/st/stm32cubeide_1.6.0/stm32cubeide/plugins/com.st.stm32cube.ide.mcu.externaltools.gnu-tools-for-stm32.9-2020-q2-update.win32_2.0.0.202105311346/tools/bin/../lib/gcc/arm-none-eabi/9.3.1/../../../../arm-none-eabi/lib/thumb/v7e-m+dp/hard\libc_nano.a(lib_a-findfp.o)
                0x000000000800ce54                __sfp_lock_acquire
 .text.__sfp_lock_release
                0x000000000800ce60        0xc c:/st/stm32cubeide_1.6.0/stm32cubeide/plugins/com.st.stm32cube.ide.mcu.externaltools.gnu-tools-for-stm32.9-2020-q2-update.win32_2.0.0.202105311346/tools/bin/../lib/gcc/arm-none-eabi/9.3.1/../../../../arm-none-eabi/lib/thumb/v7e-m+dp/hard\libc_nano.a(lib_a-findfp.o)
                0x000000000800ce60                __sfp_lock_release
 .text.__sinit_lock_acquire
                0x000000000800ce6c        0xc c:/st/stm32cubeide_1.6.0/stm32cubeide/plugins/com.st.stm32cube.ide.mcu.externaltools.gnu-tools-for-stm32.9-2020-q2-update.win32_2.0.0.202105311346/tools/bin/../lib/gcc/arm-none-eabi/9.3.1/../../../../arm-none-eabi/lib/thumb/v7e-m+dp/hard\libc_nano.a(lib_a-findfp.o)
                0x000000000800ce6c                __sinit_lock_acquire
 .text.__sinit_lock_release
                0x000000000800ce78        0xc c:/st/stm32cubeide_1.6.0/stm32cubeide/plugins/com.st.stm32cube.ide.mcu.externaltools.gnu-tools-for-stm32.9-2020-q2-update.win32_2.0.0.202105311346/tools/bin/../lib/gcc/arm-none-eabi/9.3.1/../../../../arm-none-eabi/lib/thumb/v7e-m+dp/hard\libc_nano.a(lib_a-findfp.o)
                0x000000000800ce78                __sinit_lock_release
 .text.__sinit  0x000000000800ce84       0x70 c:/st/stm32cubeide_1.6.0/stm32cubeide/plugins/com.st.stm32cube.ide.mcu.externaltools.gnu-tools-for-stm32.9-2020-q2-update.win32_2.0.0.202105311346/tools/bin/../lib/gcc/arm-none-eabi/9.3.1/../../../../arm-none-eabi/lib/thumb/v7e-m+dp/hard\libc_nano.a(lib_a-findfp.o)
                0x000000000800ce84                __sinit
 .text.__sfp    0x000000000800cef4       0x8c c:/st/stm32cubeide_1.6.0/stm32cubeide/plugins/com.st.stm32cube.ide.mcu.externaltools.gnu-tools-for-stm32.9-2020-q2-update.win32_2.0.0.202105311346/tools/bin/../lib/gcc/arm-none-eabi/9.3.1/../../../../arm-none-eabi/lib/thumb/v7e-m+dp/hard\libc_nano.a(lib_a-findfp.o)
                0x000000000800cef4                __sfp
 .text._fwalk_reent
                0x000000000800cf80       0x3e c:/st/stm32cubeide_1.6.0/stm32cubeide/plugins/com.st.stm32cube.ide.mcu.externaltools.gnu-tools-for-stm32.9-2020-q2-update.win32_2.0.0.202105311346/tools/bin/../lib/gcc/arm-none-eabi/9.3.1/../../../../arm-none-eabi/lib/thumb/v7e-m+dp/hard\libc_nano.a(lib_a-fwalk.o)
                0x000000000800cf80                _fwalk_reent
 .text.__retarget_lock_init_recursive
                0x000000000800cfbe        0x2 c:/st/stm32cubeide_1.6.0/stm32cubeide/plugins/com.st.stm32cube.ide.mcu.externaltools.gnu-tools-for-stm32.9-2020-q2-update.win32_2.0.0.202105311346/tools/bin/../lib/gcc/arm-none-eabi/9.3.1/../../../../arm-none-eabi/lib/thumb/v7e-m+dp/hard\libc_nano.a(lib_a-lock.o)
                0x000000000800cfbe                __retarget_lock_init_recursive
 .text.__retarget_lock_acquire_recursive
                0x000000000800cfc0        0x2 c:/st/stm32cubeide_1.6.0/stm32cubeide/plugins/com.st.stm32cube.ide.mcu.externaltools.gnu-tools-for-stm32.9-2020-q2-update.win32_2.0.0.202105311346/tools/bin/../lib/gcc/arm-none-eabi/9.3.1/../../../../arm-none-eabi/lib/thumb/v7e-m+dp/hard\libc_nano.a(lib_a-lock.o)
                0x000000000800cfc0                __retarget_lock_acquire_recursive
 .text.__retarget_lock_release_recursive
                0x000000000800cfc2        0x2 c:/st/stm32cubeide_1.6.0/stm32cubeide/plugins/com.st.stm32cube.ide.mcu.externaltools.gnu-tools-for-stm32.9-2020-q2-update.win32_2.0.0.202105311346/tools/bin/../lib/gcc/arm-none-eabi/9.3.1/../../../../arm-none-eabi/lib/thumb/v7e-m+dp/hard\libc_nano.a(lib_a-lock.o)
                0x000000000800cfc2                __retarget_lock_release_recursive
 .text.__swhatbuf_r
                0x000000000800cfc4       0x48 c:/st/stm32cubeide_1.6.0/stm32cubeide/plugins/com.st.stm32cube.ide.mcu.externaltools.gnu-tools-for-stm32.9-2020-q2-update.win32_2.0.0.202105311346/tools/bin/../lib/gcc/arm-none-eabi/9.3.1/../../../../arm-none-eabi/lib/thumb/v7e-m+dp/hard\libc_nano.a(lib_a-makebuf.o)
                0x000000000800cfc4                __swhatbuf_r
 .text.__smakebuf_r
                0x000000000800d00c       0x80 c:/st/stm32cubeide_1.6.0/stm32cubeide/plugins/com.st.stm32cube.ide.mcu.externaltools.gnu-tools-for-stm32.9-2020-q2-update.win32_2.0.0.202105311346/tools/bin/../lib/gcc/arm-none-eabi/9.3.1/../../../../arm-none-eabi/lib/thumb/v7e-m+dp/hard\libc_nano.a(lib_a-makebuf.o)
                0x000000000800d00c                __smakebuf_r
 .text._raise_r
                0x000000000800d08c       0x50 c:/st/stm32cubeide_1.6.0/stm32cubeide/plugins/com.st.stm32cube.ide.mcu.externaltools.gnu-tools-for-stm32.9-2020-q2-update.win32_2.0.0.202105311346/tools/bin/../lib/gcc/arm-none-eabi/9.3.1/../../../../arm-none-eabi/lib/thumb/v7e-m+dp/hard\libc_nano.a(lib_a-signal.o)
                0x000000000800d08c                _raise_r
 .text.raise    0x000000000800d0dc       0x10 c:/st/stm32cubeide_1.6.0/stm32cubeide/plugins/com.st.stm32cube.ide.mcu.externaltools.gnu-tools-for-stm32.9-2020-q2-update.win32_2.0.0.202105311346/tools/bin/../lib/gcc/arm-none-eabi/9.3.1/../../../../arm-none-eabi/lib/thumb/v7e-m+dp/hard\libc_nano.a(lib_a-signal.o)
                0x000000000800d0dc                raise
 .text._kill_r  0x000000000800d0ec       0x24 c:/st/stm32cubeide_1.6.0/stm32cubeide/plugins/com.st.stm32cube.ide.mcu.externaltools.gnu-tools-for-stm32.9-2020-q2-update.win32_2.0.0.202105311346/tools/bin/../lib/gcc/arm-none-eabi/9.3.1/../../../../arm-none-eabi/lib/thumb/v7e-m+dp/hard\libc_nano.a(lib_a-signalr.o)
                0x000000000800d0ec                _kill_r
 .text._getpid_r
                0x000000000800d110        0x4 c:/st/stm32cubeide_1.6.0/stm32cubeide/plugins/com.st.stm32cube.ide.mcu.externaltools.gnu-tools-for-stm32.9-2020-q2-update.win32_2.0.0.202105311346/tools/bin/../lib/gcc/arm-none-eabi/9.3.1/../../../../arm-none-eabi/lib/thumb/v7e-m+dp/hard\libc_nano.a(lib_a-signalr.o)
                0x000000000800d110                _getpid_r
 .text.__sread  0x000000000800d114       0x22 c:/st/stm32cubeide_1.6.0/stm32cubeide/plugins/com.st.stm32cube.ide.mcu.externaltools.gnu-tools-for-stm32.9-2020-q2-update.win32_2.0.0.202105311346/tools/bin/../lib/gcc/arm-none-eabi/9.3.1/../../../../arm-none-eabi/lib/thumb/v7e-m+dp/hard\libc_nano.a(lib_a-stdio.o)
                0x000000000800d114                __sread
 .text.__swrite
                0x000000000800d136       0x38 c:/st/stm32cubeide_1.6.0/stm32cubeide/plugins/com.st.stm32cube.ide.mcu.externaltools.gnu-tools-for-stm32.9-2020-q2-update.win32_2.0.0.202105311346/tools/bin/../lib/gcc/arm-none-eabi/9.3.1/../../../../arm-none-eabi/lib/thumb/v7e-m+dp/hard\libc_nano.a(lib_a-stdio.o)
                0x000000000800d136                __swrite
 .text.__sseek  0x000000000800d16e       0x24 c:/st/stm32cubeide_1.6.0/stm32cubeide/plugins/com.st.stm32cube.ide.mcu.externaltools.gnu-tools-for-stm32.9-2020-q2-update.win32_2.0.0.202105311346/tools/bin/../lib/gcc/arm-none-eabi/9.3.1/../../../../arm-none-eabi/lib/thumb/v7e-m+dp/hard\libc_nano.a(lib_a-stdio.o)
                0x000000000800d16e                __sseek
 .text.__sclose
                0x000000000800d192        0x8 c:/st/stm32cubeide_1.6.0/stm32cubeide/plugins/com.st.stm32cube.ide.mcu.externaltools.gnu-tools-for-stm32.9-2020-q2-update.win32_2.0.0.202105311346/tools/bin/../lib/gcc/arm-none-eabi/9.3.1/../../../../arm-none-eabi/lib/thumb/v7e-m+dp/hard\libc_nano.a(lib_a-stdio.o)
                0x000000000800d192                __sclose
 *fill*         0x000000000800d19a        0x2 
 .text._write_r
                0x000000000800d19c       0x24 c:/st/stm32cubeide_1.6.0/stm32cubeide/plugins/com.st.stm32cube.ide.mcu.externaltools.gnu-tools-for-stm32.9-2020-q2-update.win32_2.0.0.202105311346/tools/bin/../lib/gcc/arm-none-eabi/9.3.1/../../../../arm-none-eabi/lib/thumb/v7e-m+dp/hard\libc_nano.a(lib_a-writer.o)
                0x000000000800d19c                _write_r
 .text._close_r
                0x000000000800d1c0       0x20 c:/st/stm32cubeide_1.6.0/stm32cubeide/plugins/com.st.stm32cube.ide.mcu.externaltools.gnu-tools-for-stm32.9-2020-q2-update.win32_2.0.0.202105311346/tools/bin/../lib/gcc/arm-none-eabi/9.3.1/../../../../arm-none-eabi/lib/thumb/v7e-m+dp/hard\libc_nano.a(lib_a-closer.o)
                0x000000000800d1c0                _close_r
 .text._fstat_r
                0x000000000800d1e0       0x24 c:/st/stm32cubeide_1.6.0/stm32cubeide/plugins/com.st.stm32cube.ide.mcu.externaltools.gnu-tools-for-stm32.9-2020-q2-update.win32_2.0.0.202105311346/tools/bin/../lib/gcc/arm-none-eabi/9.3.1/../../../../arm-none-eabi/lib/thumb/v7e-m+dp/hard\libc_nano.a(lib_a-fstatr.o)
                0x000000000800d1e0                _fstat_r
 .text._isatty_r
                0x000000000800d204       0x20 c:/st/stm32cubeide_1.6.0/stm32cubeide/plugins/com.st.stm32cube.ide.mcu.externaltools.gnu-tools-for-stm32.9-2020-q2-update.win32_2.0.0.202105311346/tools/bin/../lib/gcc/arm-none-eabi/9.3.1/../../../../arm-none-eabi/lib/thumb/v7e-m+dp/hard\libc_nano.a(lib_a-isattyr.o)
                0x000000000800d204                _isatty_r
 .text._lseek_r
                0x000000000800d224       0x24 c:/st/stm32cubeide_1.6.0/stm32cubeide/plugins/com.st.stm32cube.ide.mcu.externaltools.gnu-tools-for-stm32.9-2020-q2-update.win32_2.0.0.202105311346/tools/bin/../lib/gcc/arm-none-eabi/9.3.1/../../../../arm-none-eabi/lib/thumb/v7e-m+dp/hard\libc_nano.a(lib_a-lseekr.o)
                0x000000000800d224                _lseek_r
 .text._read_r  0x000000000800d248       0x24 c:/st/stm32cubeide_1.6.0/stm32cubeide/plugins/com.st.stm32cube.ide.mcu.externaltools.gnu-tools-for-stm32.9-2020-q2-update.win32_2.0.0.202105311346/tools/bin/../lib/gcc/arm-none-eabi/9.3.1/../../../../arm-none-eabi/lib/thumb/v7e-m+dp/hard\libc_nano.a(lib_a-readr.o)
                0x000000000800d248                _read_r
 *(.glue_7)
 .glue_7        0x000000000800d26c        0x0 linker stubs
 *(.glue_7t)
 .glue_7t       0x000000000800d26c        0x0 linker stubs
 *(.eh_frame)
 .eh_frame      0x000000000800d26c        0x0 c:/st/stm32cubeide_1.6.0/stm32cubeide/plugins/com.st.stm32cube.ide.mcu.externaltools.gnu-tools-for-stm32.9-2020-q2-update.win32_2.0.0.202105311346/tools/bin/../lib/gcc/arm-none-eabi/9.3.1/thumb/v7e-m+dp/hard/crtbegin.o
 *(.init)
 .init          0x000000000800d26c        0x4 c:/st/stm32cubeide_1.6.0/stm32cubeide/plugins/com.st.stm32cube.ide.mcu.externaltools.gnu-tools-for-stm32.9-2020-q2-update.win32_2.0.0.202105311346/tools/bin/../lib/gcc/arm-none-eabi/9.3.1/thumb/v7e-m+dp/hard/crti.o
                0x000000000800d26c                _init
 .init          0x000000000800d270        0x8 c:/st/stm32cubeide_1.6.0/stm32cubeide/plugins/com.st.stm32cube.ide.mcu.externaltools.gnu-tools-for-stm32.9-2020-q2-update.win32_2.0.0.202105311346/tools/bin/../lib/gcc/arm-none-eabi/9.3.1/thumb/v7e-m+dp/hard/crtn.o
 *(.fini)
 .fini          0x000000000800d278        0x4 c:/st/stm32cubeide_1.6.0/stm32cubeide/plugins/com.st.stm32cube.ide.mcu.externaltools.gnu-tools-for-stm32.9-2020-q2-update.win32_2.0.0.202105311346/tools/bin/../lib/gcc/arm-none-eabi/9.3.1/thumb/v7e-m+dp/hard/crti.o
                0x000000000800d278                _fini
 .fini          0x000000000800d27c        0x8 c:/st/stm32cubeide_1.6.0/stm32cubeide/plugins/com.st.stm32cube.ide.mcu.externaltools.gnu-tools-for-stm32.9-2020-q2-update.win32_2.0.0.202105311346/tools/bin/../lib/gcc/arm-none-eabi/9.3.1/thumb/v7e-m+dp/hard/crtn.o
                0x000000000800d284                . = ALIGN (0x4)
                0x000000000800d284                _etext = .

.vfp11_veneer   0x000000000800d284        0x0
 .vfp11_veneer  0x000000000800d284        0x0 linker stubs

.v4_bx          0x000000000800d284        0x0
 .v4_bx         0x000000000800d284        0x0 linker stubs

.iplt           0x000000000800d284        0x0
 .iplt          0x000000000800d284        0x0 c:/st/stm32cubeide_1.6.0/stm32cubeide/plugins/com.st.stm32cube.ide.mcu.externaltools.gnu-tools-for-stm32.9-2020-q2-update.win32_2.0.0.202105311346/tools/bin/../lib/gcc/arm-none-eabi/9.3.1/thumb/v7e-m+dp/hard/crtbegin.o

.rodata         0x000000000800d288      0x3dc
                0x000000000800d288                . = ALIGN (0x4)
 *(.rodata)
 .rodata        0x000000000800d288        0xa ./Core/Src/main.o
 *fill*         0x000000000800d292        0x2 
 .rodata        0x000000000800d294       0x44 ./Middlewares/Third_Party/FatFs/ff.o
 *(.rodata*)
 .rodata.D1CorePrescTable
                0x000000000800d2d8       0x10 ./Common/Src/system_stm32h7xx_dualcore_boot_cm4_cm7.o
                0x000000000800d2d8                D1CorePrescTable
 .rodata.SD_Driver
                0x000000000800d2e8       0x14 ./FATFS/Target/sd_diskio.o
                0x000000000800d2e8                SD_Driver
 .rodata.ExCvt  0x000000000800d2fc       0x80 ./Middlewares/Third_Party/FatFs/ff.o
 .rodata.cst32.11838
                0x000000000800d37c        0xe ./Middlewares/Third_Party/FatFs/ff.o
 *fill*         0x000000000800d38a        0x2 
 .rodata.cst.11837
                0x000000000800d38c        0xe ./Middlewares/Third_Party/FatFs/ff.o
 *fill*         0x000000000800d39a        0x2 
 .rodata._global_impure_ptr
                0x000000000800d39c        0x4 c:/st/stm32cubeide_1.6.0/stm32cubeide/plugins/com.st.stm32cube.ide.mcu.externaltools.gnu-tools-for-stm32.9-2020-q2-update.win32_2.0.0.202105311346/tools/bin/../lib/gcc/arm-none-eabi/9.3.1/../../../../arm-none-eabi/lib/thumb/v7e-m+dp/hard\libc_nano.a(lib_a-impure.o)
                0x000000000800d39c                _global_impure_ptr
 .rodata._Balloc.str1.1
                0x000000000800d3a0       0x77 c:/st/stm32cubeide_1.6.0/stm32cubeide/plugins/com.st.stm32cube.ide.mcu.externaltools.gnu-tools-for-stm32.9-2020-q2-update.win32_2.0.0.202105311346/tools/bin/../lib/gcc/arm-none-eabi/9.3.1/../../../../arm-none-eabi/lib/thumb/v7e-m+dp/hard\libc_nano.a(lib_a-mprec.o)
 .rodata.__multadd.str1.1
                0x000000000800d417       0x11 c:/st/stm32cubeide_1.6.0/stm32cubeide/plugins/com.st.stm32cube.ide.mcu.externaltools.gnu-tools-for-stm32.9-2020-q2-update.win32_2.0.0.202105311346/tools/bin/../lib/gcc/arm-none-eabi/9.3.1/../../../../arm-none-eabi/lib/thumb/v7e-m+dp/hard\libc_nano.a(lib_a-mprec.o)
 .rodata.__mprec_bigtens
                0x000000000800d428       0x28 c:/st/stm32cubeide_1.6.0/stm32cubeide/plugins/com.st.stm32cube.ide.mcu.externaltools.gnu-tools-for-stm32.9-2020-q2-update.win32_2.0.0.202105311346/tools/bin/../lib/gcc/arm-none-eabi/9.3.1/../../../../arm-none-eabi/lib/thumb/v7e-m+dp/hard\libc_nano.a(lib_a-mprec.o)
                0x000000000800d428                __mprec_bigtens
 .rodata.__mprec_tens
                0x000000000800d450       0xc8 c:/st/stm32cubeide_1.6.0/stm32cubeide/plugins/com.st.stm32cube.ide.mcu.externaltools.gnu-tools-for-stm32.9-2020-q2-update.win32_2.0.0.202105311346/tools/bin/../lib/gcc/arm-none-eabi/9.3.1/../../../../arm-none-eabi/lib/thumb/v7e-m+dp/hard\libc_nano.a(lib_a-mprec.o)
                0x000000000800d450                __mprec_tens
 .rodata.p05.7513
                0x000000000800d518        0xc c:/st/stm32cubeide_1.6.0/stm32cubeide/plugins/com.st.stm32cube.ide.mcu.externaltools.gnu-tools-for-stm32.9-2020-q2-update.win32_2.0.0.202105311346/tools/bin/../lib/gcc/arm-none-eabi/9.3.1/../../../../arm-none-eabi/lib/thumb/v7e-m+dp/hard\libc_nano.a(lib_a-mprec.o)
 .rodata.__assert_func.str1.1
                0x000000000800d524       0x3c c:/st/stm32cubeide_1.6.0/stm32cubeide/plugins/com.st.stm32cube.ide.mcu.externaltools.gnu-tools-for-stm32.9-2020-q2-update.win32_2.0.0.202105311346/tools/bin/../lib/gcc/arm-none-eabi/9.3.1/../../../../arm-none-eabi/lib/thumb/v7e-m+dp/hard\libc_nano.a(lib_a-assert.o)
                                         0x3d (size before relaxing)
 .rodata._dtoa_r.str1.1
                0x000000000800d560       0x6e c:/st/stm32cubeide_1.6.0/stm32cubeide/plugins/com.st.stm32cube.ide.mcu.externaltools.gnu-tools-for-stm32.9-2020-q2-update.win32_2.0.0.202105311346/tools/bin/../lib/gcc/arm-none-eabi/9.3.1/../../../../arm-none-eabi/lib/thumb/v7e-m+dp/hard\libc_nano.a(lib_a-dtoa.o)
                                         0x96 (size before relaxing)
 .rodata._vfprintf_r.str1.1
                0x000000000800d5ce       0x11 c:/st/stm32cubeide_1.6.0/stm32cubeide/plugins/com.st.stm32cube.ide.mcu.externaltools.gnu-tools-for-stm32.9-2020-q2-update.win32_2.0.0.202105311346/tools/bin/../lib/gcc/arm-none-eabi/9.3.1/../../../../arm-none-eabi/lib/thumb/v7e-m+dp/hard\libc_nano.a(lib_a-nano-vfprintf.o)
 .rodata._printf_i.str1.1
                0x000000000800d5df       0x22 c:/st/stm32cubeide_1.6.0/stm32cubeide/plugins/com.st.stm32cube.ide.mcu.externaltools.gnu-tools-for-stm32.9-2020-q2-update.win32_2.0.0.202105311346/tools/bin/../lib/gcc/arm-none-eabi/9.3.1/../../../../arm-none-eabi/lib/thumb/v7e-m+dp/hard\libc_nano.a(lib_a-nano-vfprintf_i.o)
 *fill*         0x000000000800d601        0x3 
 .rodata.__sf_fake_stderr
                0x000000000800d604       0x20 c:/st/stm32cubeide_1.6.0/stm32cubeide/plugins/com.st.stm32cube.ide.mcu.externaltools.gnu-tools-for-stm32.9-2020-q2-update.win32_2.0.0.202105311346/tools/bin/../lib/gcc/arm-none-eabi/9.3.1/../../../../arm-none-eabi/lib/thumb/v7e-m+dp/hard\libc_nano.a(lib_a-findfp.o)
                0x000000000800d604                __sf_fake_stderr
 .rodata.__sf_fake_stdin
                0x000000000800d624       0x20 c:/st/stm32cubeide_1.6.0/stm32cubeide/plugins/com.st.stm32cube.ide.mcu.externaltools.gnu-tools-for-stm32.9-2020-q2-update.win32_2.0.0.202105311346/tools/bin/../lib/gcc/arm-none-eabi/9.3.1/../../../../arm-none-eabi/lib/thumb/v7e-m+dp/hard\libc_nano.a(lib_a-findfp.o)
                0x000000000800d624                __sf_fake_stdin
 .rodata.__sf_fake_stdout
                0x000000000800d644       0x20 c:/st/stm32cubeide_1.6.0/stm32cubeide/plugins/com.st.stm32cube.ide.mcu.externaltools.gnu-tools-for-stm32.9-2020-q2-update.win32_2.0.0.202105311346/tools/bin/../lib/gcc/arm-none-eabi/9.3.1/../../../../arm-none-eabi/lib/thumb/v7e-m+dp/hard\libc_nano.a(lib_a-findfp.o)
                0x000000000800d644                __sf_fake_stdout
                0x000000000800d664                . = ALIGN (0x4)

.rel.dyn        0x000000000800d664        0x0
 .rel.iplt      0x000000000800d664        0x0 c:/st/stm32cubeide_1.6.0/stm32cubeide/plugins/com.st.stm32cube.ide.mcu.externaltools.gnu-tools-for-stm32.9-2020-q2-update.win32_2.0.0.202105311346/tools/bin/../lib/gcc/arm-none-eabi/9.3.1/thumb/v7e-m+dp/hard/crtbegin.o

.ARM.extab      0x000000000800d664        0x0
                0x000000000800d664                . = ALIGN (0x4)
 *(.ARM.extab* .gnu.linkonce.armextab.*)
                0x000000000800d664                . = ALIGN (0x4)

.ARM            0x000000000800d664        0x0
                0x000000000800d664                . = ALIGN (0x4)
                0x000000000800d664                __exidx_start = .
 *(.ARM.exidx*)
                0x000000000800d664                __exidx_end = .
                0x000000000800d664                . = ALIGN (0x4)

.preinit_array  0x000000000800d664        0x0
                0x000000000800d664                . = ALIGN (0x4)
                0x000000000800d664                PROVIDE (__preinit_array_start = .)
 *(.preinit_array*)
                0x000000000800d664                PROVIDE (__preinit_array_end = .)
                0x000000000800d664                . = ALIGN (0x4)

.init_array     0x000000000800d664        0x4
                0x000000000800d664                . = ALIGN (0x4)
                0x000000000800d664                PROVIDE (__init_array_start = .)
 *(SORT_BY_NAME(.init_array.*))
 *(.init_array*)
 .init_array    0x000000000800d664        0x4 c:/st/stm32cubeide_1.6.0/stm32cubeide/plugins/com.st.stm32cube.ide.mcu.externaltools.gnu-tools-for-stm32.9-2020-q2-update.win32_2.0.0.202105311346/tools/bin/../lib/gcc/arm-none-eabi/9.3.1/thumb/v7e-m+dp/hard/crtbegin.o
                0x000000000800d668                PROVIDE (__init_array_end = .)
                0x000000000800d668                . = ALIGN (0x4)

.fini_array     0x000000000800d668        0x4
                0x000000000800d668                . = ALIGN (0x4)
                [!provide]                        PROVIDE (__fini_array_start = .)
 *(SORT_BY_NAME(.fini_array.*))
 *(.fini_array*)
 .fini_array    0x000000000800d668        0x4 c:/st/stm32cubeide_1.6.0/stm32cubeide/plugins/com.st.stm32cube.ide.mcu.externaltools.gnu-tools-for-stm32.9-2020-q2-update.win32_2.0.0.202105311346/tools/bin/../lib/gcc/arm-none-eabi/9.3.1/thumb/v7e-m+dp/hard/crtbegin.o
                [!provide]                        PROVIDE (__fini_array_end = .)
                0x000000000800d66c                . = ALIGN (0x4)
                0x000000000800d66c                _sidata = LOADADDR (.data)

.data           0x0000000024000000     0x1108 load address 0x000000000800d66c
                0x0000000024000000                . = ALIGN (0x4)
                0x0000000024000000                _sdata = .
 *(.data)
 *(.data*)
 .data.SystemCoreClock
                0x0000000024000000        0x4 ./Common/Src/system_stm32h7xx_dualcore_boot_cm4_cm7.o
                0x0000000024000000                SystemCoreClock
 .data.SystemD2Clock
                0x0000000024000004        0x4 ./Common/Src/system_stm32h7xx_dualcore_boot_cm4_cm7.o
                0x0000000024000004                SystemD2Clock
 .data.str2     0x0000000024000008       0x2a ./Core/Src/main.o
                0x0000000024000008                str2
 *fill*         0x0000000024000032        0x2 
 .data.str3     0x0000000024000034     0x1068 ./Core/Src/main.o
                0x0000000024000034                str3
 .data.uwTickPrio
                0x000000002400109c        0x4 ./Drivers/STM32H7xx_HAL_Driver/stm32h7xx_hal.o
                0x000000002400109c                uwTickPrio
 .data.uwTickFreq
                0x00000000240010a0        0x1 ./Drivers/STM32H7xx_HAL_Driver/stm32h7xx_hal.o
                0x00000000240010a0                uwTickFreq
 .data.Stat     0x00000000240010a1        0x1 ./FATFS/Target/sd_diskio.o
 *fill*         0x00000000240010a2        0x2 
 .data._impure_ptr
                0x00000000240010a4        0x4 c:/st/stm32cubeide_1.6.0/stm32cubeide/plugins/com.st.stm32cube.ide.mcu.externaltools.gnu-tools-for-stm32.9-2020-q2-update.win32_2.0.0.202105311346/tools/bin/../lib/gcc/arm-none-eabi/9.3.1/../../../../arm-none-eabi/lib/thumb/v7e-m+dp/hard\libc_nano.a(lib_a-impure.o)
                0x00000000240010a4                _impure_ptr
 .data.impure_data
                0x00000000240010a8       0x60 c:/st/stm32cubeide_1.6.0/stm32cubeide/plugins/com.st.stm32cube.ide.mcu.externaltools.gnu-tools-for-stm32.9-2020-q2-update.win32_2.0.0.202105311346/tools/bin/../lib/gcc/arm-none-eabi/9.3.1/../../../../arm-none-eabi/lib/thumb/v7e-m+dp/hard\libc_nano.a(lib_a-impure.o)
 *(.RamFunc)
 *(.RamFunc*)
                0x0000000024001108                . = ALIGN (0x4)
                0x0000000024001108                _edata = .

.igot.plt       0x0000000024001108        0x0 load address 0x000000000800e774
 .igot.plt      0x0000000024001108        0x0 c:/st/stm32cubeide_1.6.0/stm32cubeide/plugins/com.st.stm32cube.ide.mcu.externaltools.gnu-tools-for-stm32.9-2020-q2-update.win32_2.0.0.202105311346/tools/bin/../lib/gcc/arm-none-eabi/9.3.1/thumb/v7e-m+dp/hard/crtbegin.o
                0x0000000024001108                . = ALIGN (0x4)

.bss            0x0000000024001108      0x600 load address 0x000000000800e774
                0x0000000024001108                _sbss = .
                0x0000000024001108                __bss_start__ = _sbss
 *(.bss)
 .bss           0x0000000024001108       0x1c c:/st/stm32cubeide_1.6.0/stm32cubeide/plugins/com.st.stm32cube.ide.mcu.externaltools.gnu-tools-for-stm32.9-2020-q2-update.win32_2.0.0.202105311346/tools/bin/../lib/gcc/arm-none-eabi/9.3.1/thumb/v7e-m+dp/hard/crtbegin.o
 *(.bss*)
 .bss.temp_raw  0x0000000024001124        0x2 ./Core/Src/main.o
                0x0000000024001124                temp_raw
 *fill*         0x0000000024001126        0x2 
 .bss.temp      0x0000000024001128        0x4 ./Core/Src/main.o
                0x0000000024001128                temp
 .bss.acc_x_raw
                0x000000002400112c        0x2 ./Core/Src/main.o
                0x000000002400112c                acc_x_raw
 .bss.acc_y_raw
                0x000000002400112e        0x2 ./Core/Src/main.o
                0x000000002400112e                acc_y_raw
 .bss.acc_z_raw
                0x0000000024001130        0x2 ./Core/Src/main.o
                0x0000000024001130                acc_z_raw
 *fill*         0x0000000024001132        0x2 
 .bss.acc_x     0x0000000024001134        0x4 ./Core/Src/main.o
                0x0000000024001134                acc_x
 .bss.acc_y     0x0000000024001138        0x4 ./Core/Src/main.o
                0x0000000024001138                acc_y
 .bss.acc_z     0x000000002400113c        0x4 ./Core/Src/main.o
                0x000000002400113c                acc_z
 .bss.gyro_x_raw
                0x0000000024001140        0x2 ./Core/Src/main.o
                0x0000000024001140                gyro_x_raw
 .bss.gyro_y_raw
                0x0000000024001142        0x2 ./Core/Src/main.o
                0x0000000024001142                gyro_y_raw
 .bss.gyro_z_raw
                0x0000000024001144        0x2 ./Core/Src/main.o
                0x0000000024001144                gyro_z_raw
 *fill*         0x0000000024001146        0x2 
 .bss.gyro_x    0x0000000024001148        0x4 ./Core/Src/main.o
                0x0000000024001148                gyro_x
 .bss.gyro_y    0x000000002400114c        0x4 ./Core/Src/main.o
                0x000000002400114c                gyro_y
 .bss.gyro_z    0x0000000024001150        0x4 ./Core/Src/main.o
                0x0000000024001150                gyro_z
 .bss.size      0x0000000024001154        0x4 ./Core/Src/main.o
                0x0000000024001154                size
 .bss.i         0x0000000024001158        0x4 ./Core/Src/main.o
                0x0000000024001158                i
 .bss.j         0x000000002400115c        0x4 ./Core/Src/main.o
                0x000000002400115c                j
 .bss.iter      0x0000000024001160        0x4 ./Core/Src/main.o
                0x0000000024001160                iter
 .bss.__sbrk_heap_end
                0x0000000024001164        0x4 ./Core/Src/sysmem.o
 .bss.WriteStatus
                0x0000000024001168        0x4 ./FATFS/Target/sd_diskio.o
 .bss.ReadStatus
                0x000000002400116c        0x4 ./FATFS/Target/sd_diskio.o
 .bss.FatFs     0x0000000024001170        0x4 ./Middlewares/Third_Party/FatFs/ff.o
 .bss.Fsid      0x0000000024001174        0x2 ./Middlewares/Third_Party/FatFs/ff.o
 *fill*         0x0000000024001176        0x2 
 .bss.Files     0x0000000024001178       0x20 ./Middlewares/Third_Party/FatFs/ff.o
 .bss.disk      0x0000000024001198        0xc ./Middlewares/Third_Party/FatFs/ff_gen_drv.o